108.162.219.145 - - [25/Jun/2015:15:53:47 -0400] "GET /news-sitemap.xml/ HTTP/1.1" 404 794 "-" "Mozilla/5.0 (compatible; Yahoo! Slurp; http://help.yahoo.com/help/us/ysearch/slurp)"
108.162.221.118 - - [25/Jun/2015:15:59:04 -0400] "GET /robots.txt HTTP/1.1" 200 108 "-" "Mozilla/5.0 (compatible; Googlebot/2.1; +http://www.google.com/bot.html)"
108.162.221.73 - - [25/Jun/2015:15:59:04 -0400] "GET /2012/06/28/get-started-with-customization/ HTTP/1.1" 404 794 "-" "Mozilla/5.0 (compatible; Googlebot/2.1; +http://www.google.com/bot.html)"
108.162.219.145 - - [25/Jun/2015:16:53:48 -0400] "GET /news-sitemap.xml/ HTTP/1.1" 404 794 "-" "Mozilla/5.0 (compatible; Yahoo! Slurp; http://help.yahoo.com/help/us/ysearch/slurp)"
199.27.133.92 - - [25/Jun/2015:17:05:09 -0400] "GET /rss/ HTTP/1.1" 304 0 "-" "Feedly/1.0 (+http://www.feedly.com/fetcher.html; like FeedFetcher-Google)"
173.245.53.92 - - [25/Jun/2015:17:07:59 -0400] "GET /robots.txt HTTP/1.1" 200 107 "-" "Mozilla/5.0 (compatible; YandexBot/3.0; +http://yandex.com/bots)"
173.245.53.93 - - [25/Jun/2015:17:08:01 -0400] "GET /run/ HTTP/1.1" 200 2597 "-" "Mozilla/5.0 (compatible; YandexBot/3.0; +http://yandex.com/bots)"
108.162.219.145 - - [25/Jun/2015:17:37:22 -0400] "GET /news-sitemap.xml HTTP/1.1" 301 5 "-" "Mozilla/5.0 (compatible; Yahoo! Slurp; http://help.yahoo.com/help/us/ysearch/slurp)"
173.245.53.93 - - [25/Jun/2015:17:54:13 -0400] "GET /robots.txt HTTP/1.1" 200 108 "-" "Mozilla/5.0 (compatible; YandexBot/3.0; +http://yandex.com/bots)"
162.158.255.155 - - [25/Jun/2015:17:56:40 -0400] "GET /robots.txt HTTP/1.1" 200 108 "-" "Twitterbot/1.0"
199.27.128.228 - - [25/Jun/2015:17:56:41 -0400] "GET /2013/03/25/insights-interview-with-patrick-wyatt-co-founder-of-arenanet-former-vp-of-r-and-d-at-blizzard/ HTTP/1.1" 404 794 "-" "Twitterbot/1.0"
108.162.221.118 - - [25/Jun/2015:18:12:08 -0400] "GET /robots.txt HTTP/1.1" 200 108 "-" "Mozilla/5.0 (compatible; Googlebot/2.1; +http://www.google.com/bot.html)"
108.162.221.77 - - [25/Jun/2015:18:12:08 -0400] "GET /feed HTTP/1.1" 301 5 "-" "Mozilla/5.0 (compatible; Googlebot/2.1; +http://www.google.com/bot.html)"
108.162.221.97 - - [25/Jun/2015:18:12:08 -0400] "GET /feed/ HTTP/1.1" 301 39 "-" "Mozilla/5.0 (compatible; Googlebot/2.1; +http://www.google.com/bot.html)"
108.162.221.108 - - [25/Jun/2015:18:12:09 -0400] "GET /rss/ HTTP/1.1" 200 49585 "-" "Mozilla/5.0 (compatible; Googlebot/2.1; +http://www.google.com/bot.html)"
108.162.226.163 - - [25/Jun/2015:18:27:19 -0400] "GET /2013/03/ HTTP/1.1" 404 794 "-" "Mozilla/5.0 (compatible; Baiduspider/2.0; +http://www.baidu.com/search/spider.html)"
173.245.53.119 - - [25/Jun/2015:18:33:24 -0400] "GET /tag/elk/ HTTP/1.1" 200 1793 "-" "Mozilla/5.0 (compatible; YandexBot/3.0; +http://yandex.com/bots)"
108.162.219.145 - - [25/Jun/2015:18:38:57 -0400] "GET /news-sitemap.xml/ HTTP/1.1" 404 794 "-" "Mozilla/5.0 (compatible; Yahoo! Slurp; http://help.yahoo.com/help/us/ysearch/slurp)"
173.245.50.205 - - [25/Jun/2015:18:39:59 -0400] "GET /2013/09/18/instagram-and-smartphone-challenge/ HTTP/1.1" 404 794 "-" "Mozilla/5.0 (Windows NT 6.1; WOW64) AppleWebKit/537.36 (KHTML, like Gecko) Chrome/39.0.2171.95 Safari/537.36 OPR/26.0.1656.60"
141.101.97.206 - - [25/Jun/2015:18:41:57 -0400] "GET / HTTP/1.1" 200 3858 "http://krisviceral.com/" "Mozilla/4.0 (compatible; MSIE 6.0; Windows NT 5.1; SV1)"
173.245.50.242 - - [25/Jun/2015:18:46:16 -0400] "GET /news-sitemap.xml HTTP/1.1" 301 5 "-" "rogerbot/1.0 (http://www.moz.com/dp/rogerbot, rogerbot-crawler@moz.com)"
173.245.50.242 - - [25/Jun/2015:18:46:17 -0400] "GET /news-sitemap.xml/ HTTP/1.1" 404 794 "-" "rogerbot/1.0 (http://www.moz.com/dp/rogerbot, rogerbot-crawler@moz.com)"
173.245.54.31 - - [25/Jun/2015:19:16:35 -0400] "GET /robots.txt HTTP/1.1" 200 108 "-" "Mozilla/5.0 (compatible; YandexBot/3.0; +http://yandex.com/bots)"
173.245.54.52 - - [25/Jun/2015:19:16:37 -0400] "GET / HTTP/1.1" 200 3858 "-" "Mozilla/5.0 (compatible; YandexBot/3.0; +http://yandex.com/bots)"
173.245.53.143 - - [25/Jun/2015:19:27:30 -0400] "GET /2014/01/20/save-your-data-tips-for-local-remote-and-online-backup/+Result:+chosen+nickname+%22carteykilopbn%22;+success+%28from+first+page%29; HTTP/1.1" 301 5 "http://krisviceral.com/2014/01/20/save-your-data-tips-for-local-remote-and-online-backup/+Result:+chosen+nickname+%22carteykilopbn%22;+success+%28from+first+page%29;" "Mozilla/5.0 (Windows NT 6.3; WOW64; rv:33.0) Gecko/20100101 Firefox/33.0"
173.245.53.143 - - [25/Jun/2015:19:27:31 -0400] "GET /2014/01/20/save-your-data-tips-for-local-remote-and-online-backup/+Result:+chosen+nickname+%22carteykilopbn%22;+success+%28from+first+page%29;/ HTTP/1.1" 301 344 "http://krisviceral.com/2014/01/20/save-your-data-tips-for-local-remote-and-online-backup/+Result:+chosen+nickname+%22carteykilopbn%22;+success+%28from+first+page%29;/" "Mozilla/5.0 (Windows NT 6.3; WOW64; rv:33.0) Gecko/20100101 Firefox/33.0"
173.245.53.143 - - [25/Jun/2015:19:27:31 -0400] "GET /2014/01/20/save-your-data-tips-for-local-remote-and-online-backup/+result:+chosen+nickname+%22carteykilopbn%22;+success+%28from+first+page%29;/ HTTP/1.1" 404 794 "http://krisviceral.com/2014/01/20/save-your-data-tips-for-local-remote-and-online-backup/+result:+chosen+nickname+%22carteykilopbn%22;+success+%28from+first+page%29;/" "Mozilla/5.0 (Windows NT 6.3; WOW64; rv:33.0) Gecko/20100101 Firefox/33.0"
173.245.53.143 - - [25/Jun/2015:19:27:31 -0400] "GET / HTTP/1.1" 200 3858 "http://krisviceral.com/" "Mozilla/5.0 (Windows NT 6.3; WOW64; rv:33.0) Gecko/20100101 Firefox/33.0"
108.162.221.118 - - [25/Jun/2015:19:38:51 -0400] "GET /robots.txt HTTP/1.1" 200 108 "-" "Mozilla/5.0 (compatible; Googlebot/2.1; +http://www.google.com/bot.html)"
108.162.221.84 - - [25/Jun/2015:19:38:52 -0400] "GET /2011/11/16/android-customization-concepts/ HTTP/1.1" 404 794 "-" "Mozilla/5.0 (compatible; Googlebot/2.1; +http://www.google.com/bot.html)"
141.101.98.99 - - [25/Jun/2015:19:45:54 -0400] "GET /2012/02/25/ams3/ HTTP/1.1" 404 794 "-" "Mozilla/5.0 (Macintosh; Intel Mac OS X 10_10_3) AppleWebKit/600.5.17 (KHTML, like Gecko) Version/8.0.5 Safari/600.5.17"
141.101.99.181 - - [25/Jun/2015:19:45:55 -0400] "GET /favicon.ico HTTP/1.1" 200 96 "http://krisviceral.com/2012/02/25/ams3/" "Mozilla/5.0 (Macintosh; Intel Mac OS X 10_10_3) AppleWebKit/600.5.17 (KHTML, like Gecko) Version/8.0.5 Safari/600.5.17"
141.101.98.99 - - [25/Jun/2015:19:45:55 -0400] "GET /2012/02/25/ams3/ HTTP/1.1" 404 794 "-" "Mozilla/5.0 (iPhone; CPU iPhone OS 8_1 like Mac OS X) AppleWebKit/600.1.4 (KHTML, like Gecko) Version/8.0 Mobile/12B410 Safari/600.1.4"
141.101.99.189 - - [25/Jun/2015:19:45:55 -0400] "GET /apple-touch-icon-precomposed.png HTTP/1.1" 301 5 "-" "com.apple.WebKit.WebContent/10600.5.17 CFNetwork/720.3.13 Darwin/14.3.0 (x86_64)"
141.101.98.99 - - [25/Jun/2015:19:45:55 -0400] "GET /apple-touch-icon-precomposed.png/ HTTP/1.1" 404 794 "-" "com.apple.WebKit.WebContent/10600.5.17 CFNetwork/720.3.13 Darwin/14.3.0 (x86_64)"
141.101.99.180 - - [25/Jun/2015:19:45:56 -0400] "GET /apple-touch-icon.png HTTP/1.1" 301 5 "-" "com.apple.WebKit.WebContent/10600.5.17 CFNetwork/720.3.13 Darwin/14.3.0 (x86_64)"
141.101.98.99 - - [25/Jun/2015:19:45:56 -0400] "GET /apple-touch-icon.png/ HTTP/1.1" 404 794 "-" "com.apple.WebKit.WebContent/10600.5.17 CFNetwork/720.3.13 Darwin/14.3.0 (x86_64)"
108.162.219.204 - - [25/Jun/2015:19:49:06 -0400] "GET /robots.txt HTTP/1.1" 200 108 "-" "Mozilla/5.0 (compatible; Yahoo! Slurp; http://help.yahoo.com/help/us/ysearch/slurp)"
108.162.219.145 - - [25/Jun/2015:19:49:06 -0400] "GET /news-sitemap.xml HTTP/1.1" 301 5 "-" "Mozilla/5.0 (compatible; Yahoo! Slurp; http://help.yahoo.com/help/us/ysearch/slurp)"
108.162.219.145 - - [25/Jun/2015:19:49:06 -0400] "GET /news-sitemap.xml/ HTTP/1.1" 404 794 "-" "Mozilla/5.0 (compatible; Yahoo! Slurp; http://help.yahoo.com/help/us/ysearch/slurp)"
199.27.133.92 - - [25/Jun/2015:20:05:19 -0400] "GET /rss/ HTTP/1.1" 304 0 "-" "Feedly/1.0 (+http://www.feedly.com/fetcher.html; like FeedFetcher-Google)"
141.101.97.51 - - [25/Jun/2015:20:22:48 -0400] "GET /robots.txt HTTP/1.1" 200 108 "-" "Mozilla/5.0 (compatible; SeznamBot/3.2; +http://fulltext.sblog.cz/)"
141.101.97.208 - - [25/Jun/2015:20:22:48 -0400] "GET /tag/polymer/ HTTP/1.1" 200 1748 "-" "Mozilla/5.0 (compatible; SeznamBot/3.2; +http://fulltext.sblog.cz/)"
141.101.97.208 - - [25/Jun/2015:20:22:49 -0400] "GET /me/ HTTP/1.1" 200 2342 "-" "Mozilla/5.0 (compatible; SeznamBot/3.2; +http://fulltext.sblog.cz/)"
141.101.97.208 - - [25/Jun/2015:20:22:50 -0400] "GET /tag/android-games/ HTTP/1.1" 200 1381 "-" "Mozilla/5.0 (compatible; SeznamBot/3.2; +http://fulltext.sblog.cz/)"
141.101.97.208 - - [25/Jun/2015:20:22:50 -0400] "GET /tag/wow-steak/ HTTP/1.1" 200 1741 "-" "Mozilla/5.0 (compatible; SeznamBot/3.2; +http://fulltext.sblog.cz/)"
141.101.97.208 - - [25/Jun/2015:20:22:51 -0400] "GET /great-firefox-add-ons/ HTTP/1.1" 200 3875 "-" "Mozilla/5.0 (compatible; SeznamBot/3.2; +http://fulltext.sblog.cz/)"
141.101.97.208 - - [25/Jun/2015:20:22:52 -0400] "GET /author/kv/page/2/ HTTP/1.1" 200 3372 "-" "Mozilla/5.0 (compatible; SeznamBot/3.2; +http://fulltext.sblog.cz/)"
141.101.97.208 - - [25/Jun/2015:20:22:53 -0400] "GET /its-always-good-to-be/ HTTP/1.1" 200 3780 "-" "Mozilla/5.0 (compatible; SeznamBot/3.2; +http://fulltext.sblog.cz/)"
141.101.97.208 - - [25/Jun/2015:20:22:54 -0400] "GET /headphones/ HTTP/1.1" 200 6489 "-" "Mozilla/5.0 (compatible; SeznamBot/3.2; +http://fulltext.sblog.cz/)"
141.101.97.208 - - [25/Jun/2015:20:22:55 -0400] "GET /tag/piracy/ HTTP/1.1" 200 1746 "-" "Mozilla/5.0 (compatible; SeznamBot/3.2; +http://fulltext.sblog.cz/)"
141.101.97.208 - - [25/Jun/2015:20:22:55 -0400] "GET /tag/cartoons/ HTTP/1.1" 200 1744 "-" "Mozilla/5.0 (compatible; SeznamBot/3.2; +http://fulltext.sblog.cz/)"
141.101.97.208 - - [25/Jun/2015:20:22:56 -0400] "GET /projects/?share=email HTTP/1.1" 200 2026 "-" "Mozilla/5.0 (compatible; SeznamBot/3.2; +http://fulltext.sblog.cz/)"
141.101.97.208 - - [25/Jun/2015:20:22:57 -0400] "GET /how-you-can-be-hacked/ HTTP/1.1" 200 5574 "-" "Mozilla/5.0 (compatible; SeznamBot/3.2; +http://fulltext.sblog.cz/)"
141.101.97.208 - - [25/Jun/2015:20:22:58 -0400] "GET /jogging-in-winter/ HTTP/1.1" 200 3898 "-" "Mozilla/5.0 (compatible; SeznamBot/3.2; +http://fulltext.sblog.cz/)"
141.101.97.208 - - [25/Jun/2015:20:22:58 -0400] "GET /fried-rice/ HTTP/1.1" 200 3162 "-" "Mozilla/5.0 (compatible; SeznamBot/3.2; +http://fulltext.sblog.cz/)"
141.101.97.208 - - [25/Jun/2015:20:23:00 -0400] "GET /easy-chicken-wings/ HTTP/1.1" 200 4216 "-" "Mozilla/5.0 (compatible; SeznamBot/3.2; +http://fulltext.sblog.cz/)"
141.101.97.208 - - [25/Jun/2015:20:23:01 -0400] "GET /android-customization-concepts/ HTTP/1.1" 200 4913 "-" "Mozilla/5.0 (compatible; SeznamBot/3.2; +http://fulltext.sblog.cz/)"
141.101.97.208 - - [25/Jun/2015:20:23:02 -0400] "GET /food-review-go-greek-kebab/ HTTP/1.1" 200 4420 "-" "Mozilla/5.0 (compatible; SeznamBot/3.2; +http://fulltext.sblog.cz/)"
141.101.97.208 - - [25/Jun/2015:20:23:02 -0400] "GET /page/4/ HTTP/1.1" 200 2699 "-" "Mozilla/5.0 (compatible; SeznamBot/3.2; +http://fulltext.sblog.cz/)"
141.101.97.208 - - [25/Jun/2015:20:23:03 -0400] "GET /food-review-tapa-king/ HTTP/1.1" 200 3686 "-" "Mozilla/5.0 (compatible; SeznamBot/3.2; +http://fulltext.sblog.cz/)"
141.101.97.208 - - [25/Jun/2015:20:23:04 -0400] "GET /color-themes-eclipse/ HTTP/1.1" 200 4298 "-" "Mozilla/5.0 (compatible; SeznamBot/3.2; +http://fulltext.sblog.cz/)"
141.101.97.208 - - [25/Jun/2015:20:23:04 -0400] "GET /android-customization/ HTTP/1.1" 200 4984 "-" "Mozilla/5.0 (compatible; SeznamBot/3.2; +http://fulltext.sblog.cz/)"
141.101.97.208 - - [25/Jun/2015:20:23:05 -0400] "GET /tag/bugs/ HTTP/1.1" 200 1737 "-" "Mozilla/5.0 (compatible; SeznamBot/3.2; +http://fulltext.sblog.cz/)"
141.101.97.208 - - [25/Jun/2015:20:23:05 -0400] "GET /tag/getting-started/ HTTP/1.1" 200 1384 "-" "Mozilla/5.0 (compatible; SeznamBot/3.2; +http://fulltext.sblog.cz/)"
141.101.97.208 - - [25/Jun/2015:20:23:06 -0400] "GET /tag/team-members/ HTTP/1.1" 200 1379 "-" "Mozilla/5.0 (compatible; SeznamBot/3.2; +http://fulltext.sblog.cz/)"
141.101.97.208 - - [25/Jun/2015:20:23:07 -0400] "GET /next-parts-of-the-guide-and-future-topics/ HTTP/1.1" 200 4140 "-" "Mozilla/5.0 (compatible; SeznamBot/3.2; +http://fulltext.sblog.cz/)"
141.101.97.208 - - [25/Jun/2015:20:23:07 -0400] "GET /tag/go-greek/ HTTP/1.1" 200 1724 "-" "Mozilla/5.0 (compatible; SeznamBot/3.2; +http://fulltext.sblog.cz/)"
141.101.97.208 - - [25/Jun/2015:20:23:08 -0400] "GET /tag/interview-street/ HTTP/1.1" 200 1781 "-" "Mozilla/5.0 (compatible; SeznamBot/3.2; +http://fulltext.sblog.cz/)"
141.101.97.208 - - [25/Jun/2015:20:23:09 -0400] "GET /tag/vaio-pro/ HTTP/1.1" 200 1374 "-" "Mozilla/5.0 (compatible; SeznamBot/3.2; +http://fulltext.sblog.cz/)"
108.162.226.163 - - [25/Jun/2015:20:32:59 -0400] "GET / HTTP/1.1" 200 3858 "-" "Mozilla/5.0 (compatible; Baiduspider/2.0; +http://www.baidu.com/search/spider.html)"
108.162.226.163 - - [25/Jun/2015:20:33:33 -0400] "GET / HTTP/1.1" 200 3858 "-" "Mozilla/5.0 (compatible; Baiduspider/2.0; +http://www.baidu.com/search/spider.html)"
141.101.105.131 - - [25/Jun/2015:20:41:10 -0400] "GET / HTTP/1.1" 200 3858 "http://microsearch.ru/webmasters" "Microsearch.ru Bot 1.3;http://microsearch.ru/webmasters"
141.101.96.221 - - [25/Jun/2015:20:43:47 -0400] "GET /robots.txt HTTP/1.1" 200 107 "-" "Mozilla/5.0 (compatible; SeznamBot/3.2; +http://fulltext.sblog.cz/)"
141.101.96.223 - - [25/Jun/2015:20:43:48 -0400] "GET /sitemap-posts.xml HTTP/1.1" 200 592 "-" "Mozilla/5.0 (compatible; SeznamBot/3.2; +http://fulltext.sblog.cz/)"
141.101.96.223 - - [25/Jun/2015:20:44:18 -0400] "GET /tag/reflections/ HTTP/1.1" 200 1966 "-" "Mozilla/5.0 (compatible; SeznamBot/3.2; +http://fulltext.sblog.cz/)"
141.101.96.223 - - [25/Jun/2015:20:44:19 -0400] "GET /tag/quotes/ HTTP/1.1" 200 1628 "-" "Mozilla/5.0 (compatible; SeznamBot/3.2; +http://fulltext.sblog.cz/)"
141.101.96.223 - - [25/Jun/2015:20:44:20 -0400] "GET /tag/fortune-cookie/ HTTP/1.1" 200 1640 "-" "Mozilla/5.0 (compatible; SeznamBot/3.2; +http://fulltext.sblog.cz/)"
141.101.96.223 - - [25/Jun/2015:20:48:05 -0400] "GET /reflections-of-the-city/ HTTP/1.1" 200 2510 "-" "Mozilla/5.0 (compatible; SeznamBot/3.2; +http://fulltext.sblog.cz/)"
108.162.219.145 - - [25/Jun/2015:20:49:07 -0400] "GET /news-sitemap.xml/ HTTP/1.1" 404 794 "-" "Mozilla/5.0 (compatible; Yahoo! Slurp; http://help.yahoo.com/help/us/ysearch/slurp)"
108.162.221.118 - - [25/Jun/2015:20:49:40 -0400] "GET /robots.txt HTTP/1.1" 200 108 "-" "Mozilla/5.0 (compatible; Googlebot/2.1; +http://www.google.com/bot.html)"
108.162.221.77 - - [25/Jun/2015:20:49:40 -0400] "GET /feed HTTP/1.1" 301 5 "-" "Mozilla/5.0 (compatible; Googlebot/2.1; +http://www.google.com/bot.html)"
108.162.221.97 - - [25/Jun/2015:20:49:41 -0400] "GET /feed/ HTTP/1.1" 301 39 "-" "Mozilla/5.0 (compatible; Googlebot/2.1; +http://www.google.com/bot.html)"
108.162.221.108 - - [25/Jun/2015:20:49:41 -0400] "GET /rss/ HTTP/1.1" 200 49585 "-" "Mozilla/5.0 (compatible; Googlebot/2.1; +http://www.google.com/bot.html)"
141.101.96.223 - - [25/Jun/2015:20:56:54 -0400] "GET /sitemap-pages.xml HTTP/1.1" 200 363 "-" "Mozilla/5.0 (compatible; SeznamBot/3.2; +http://fulltext.sblog.cz/)"
108.162.221.103 - - [25/Jun/2015:21:07:05 -0400] "GET /assets/css/screen.css?v=52e2015855 HTTP/1.1" 200 9133 "-" "Mozilla/5.0 (compatible; Googlebot/2.1; +http://www.google.com/bot.html)"
108.162.245.230 - - [25/Jun/2015:21:19:55 -0400] "GET /content/images/2015/06/tokyorun-header-bykrisviceral.jpg HTTP/1.1" 200 243203 "-" "facebookexternalhit/1.1 (+http://www.facebook.com/externalhit_uatext.php)"
173.245.53.143 - - [25/Jun/2015:21:25:31 -0400] "GET /2014/01/20/save-your-data-tips-for-local-remote-and-online-backup/+Result:+chosen+nickname+%22carteykiloois%22;+success+%28from+first+page%29; HTTP/1.1" 301 5 "http://krisviceral.com/2014/01/20/save-your-data-tips-for-local-remote-and-online-backup/+Result:+chosen+nickname+%22carteykiloois%22;+success+%28from+first+page%29;" "Mozilla/5.0 (Windows NT 6.3; WOW64) AppleWebKit/537.36 (KHTML, like Gecko) Chrome/39.0.2171.65 Safari/537.36 OPR/26.0.1656.24"
173.245.53.143 - - [25/Jun/2015:21:25:31 -0400] "GET /2014/01/20/save-your-data-tips-for-local-remote-and-online-backup/+Result:+chosen+nickname+%22carteykiloois%22;+success+%28from+first+page%29;/ HTTP/1.1" 301 344 "http://krisviceral.com/2014/01/20/save-your-data-tips-for-local-remote-and-online-backup/+Result:+chosen+nickname+%22carteykiloois%22;+success+%28from+first+page%29;/" "Mozilla/5.0 (Windows NT 6.3; WOW64) AppleWebKit/537.36 (KHTML, like Gecko) Chrome/39.0.2171.65 Safari/537.36 OPR/26.0.1656.24"
173.245.53.143 - - [25/Jun/2015:21:25:32 -0400] "GET /2014/01/20/save-your-data-tips-for-local-remote-and-online-backup/+result:+chosen+nickname+%22carteykiloois%22;+success+%28from+first+page%29;/ HTTP/1.1" 404 794 "http://krisviceral.com/2014/01/20/save-your-data-tips-for-local-remote-and-online-backup/+result:+chosen+nickname+%22carteykiloois%22;+success+%28from+first+page%29;/" "Mozilla/5.0 (Windows NT 6.3; WOW64) AppleWebKit/537.36 (KHTML, like Gecko) Chrome/39.0.2171.65 Safari/537.36 OPR/26.0.1656.24"
173.245.53.143 - - [25/Jun/2015:21:25:32 -0400] "GET / HTTP/1.1" 200 3858 "http://krisviceral.com/" "Mozilla/5.0 (Windows NT 6.3; WOW64) AppleWebKit/537.36 (KHTML, like Gecko) Chrome/39.0.2171.65 Safari/537.36 OPR/26.0.1656.24"
173.245.62.64 - - [25/Jun/2015:21:36:03 -0400] "GET / HTTP/1.1" 304 0 "-" "Mozilla/5.0 (compatible; Baiduspider/2.0; +http://www.baidu.com/search/spider.html)"
141.101.97.51 - - [25/Jun/2015:21:40:34 -0400] "GET /robots.txt HTTP/1.1" 200 108 "-" "Mozilla/5.0 (compatible; SeznamBot/3.2; +http://fulltext.sblog.cz/)"
141.101.96.208 - - [25/Jun/2015:21:40:35 -0400] "GET /tag/polymer/ HTTP/1.1" 200 1748 "-" "Mozilla/5.0 (compatible; SeznamBot/3.2; +http://fulltext.sblog.cz/)"
141.101.96.208 - - [25/Jun/2015:21:40:35 -0400] "GET /me/ HTTP/1.1" 200 2342 "-" "Mozilla/5.0 (compatible; SeznamBot/3.2; +http://fulltext.sblog.cz/)"
141.101.96.208 - - [25/Jun/2015:21:40:36 -0400] "GET /tag/android-games/ HTTP/1.1" 200 1381 "-" "Mozilla/5.0 (compatible; SeznamBot/3.2; +http://fulltext.sblog.cz/)"
141.101.96.208 - - [25/Jun/2015:21:40:37 -0400] "GET /tag/wow-steak/ HTTP/1.1" 200 1741 "-" "Mozilla/5.0 (compatible; SeznamBot/3.2; +http://fulltext.sblog.cz/)"
141.101.96.208 - - [25/Jun/2015:21:40:38 -0400] "GET /great-firefox-add-ons/ HTTP/1.1" 200 3875 "-" "Mozilla/5.0 (compatible; SeznamBot/3.2; +http://fulltext.sblog.cz/)"
141.101.96.208 - - [25/Jun/2015:21:40:39 -0400] "GET /author/kv/page/2/ HTTP/1.1" 200 3372 "-" "Mozilla/5.0 (compatible; SeznamBot/3.2; +http://fulltext.sblog.cz/)"
141.101.96.208 - - [25/Jun/2015:21:40:39 -0400] "GET /its-always-good-to-be/ HTTP/1.1" 200 3780 "-" "Mozilla/5.0 (compatible; SeznamBot/3.2; +http://fulltext.sblog.cz/)"
141.101.96.208 - - [25/Jun/2015:21:40:40 -0400] "GET /headphones/ HTTP/1.1" 200 6489 "-" "Mozilla/5.0 (compatible; SeznamBot/3.2; +http://fulltext.sblog.cz/)"
141.101.96.208 - - [25/Jun/2015:21:40:41 -0400] "GET /tag/piracy/ HTTP/1.1" 200 1746 "-" "Mozilla/5.0 (compatible; SeznamBot/3.2; +http://fulltext.sblog.cz/)"
141.101.96.208 - - [25/Jun/2015:21:40:42 -0400] "GET /tag/cartoons/ HTTP/1.1" 200 1744 "-" "Mozilla/5.0 (compatible; SeznamBot/3.2; +http://fulltext.sblog.cz/)"
141.101.96.208 - - [25/Jun/2015:21:40:42 -0400] "GET /projects/?share=email HTTP/1.1" 200 2026 "-" "Mozilla/5.0 (compatible; SeznamBot/3.2; +http://fulltext.sblog.cz/)"
141.101.96.208 - - [25/Jun/2015:21:40:43 -0400] "GET /how-you-can-be-hacked/ HTTP/1.1" 200 5574 "-" "Mozilla/5.0 (compatible; SeznamBot/3.2; +http://fulltext.sblog.cz/)"
141.101.96.208 - - [25/Jun/2015:21:40:44 -0400] "GET /jogging-in-winter/ HTTP/1.1" 200 3898 "-" "Mozilla/5.0 (compatible; SeznamBot/3.2; +http://fulltext.sblog.cz/)"
141.101.96.208 - - [25/Jun/2015:21:40:44 -0400] "GET /fried-rice/ HTTP/1.1" 200 3162 "-" "Mozilla/5.0 (compatible; SeznamBot/3.2; +http://fulltext.sblog.cz/)"
141.101.96.208 - - [25/Jun/2015:21:40:45 -0400] "GET /easy-chicken-wings/ HTTP/1.1" 200 4216 "-" "Mozilla/5.0 (compatible; SeznamBot/3.2; +http://fulltext.sblog.cz/)"
141.101.96.208 - - [25/Jun/2015:21:40:46 -0400] "GET /android-customization-concepts/ HTTP/1.1" 200 4913 "-" "Mozilla/5.0 (compatible; SeznamBot/3.2; +http://fulltext.sblog.cz/)"
141.101.96.208 - - [25/Jun/2015:21:40:46 -0400] "GET /food-review-go-greek-kebab/ HTTP/1.1" 200 4420 "-" "Mozilla/5.0 (compatible; SeznamBot/3.2; +http://fulltext.sblog.cz/)"
141.101.96.208 - - [25/Jun/2015:21:40:47 -0400] "GET /page/4/ HTTP/1.1" 200 2699 "-" "Mozilla/5.0 (compatible; SeznamBot/3.2; +http://fulltext.sblog.cz/)"
141.101.96.208 - - [25/Jun/2015:21:40:48 -0400] "GET /food-review-tapa-king/ HTTP/1.1" 200 3686 "-" "Mozilla/5.0 (compatible; SeznamBot/3.2; +http://fulltext.sblog.cz/)"
141.101.96.208 - - [25/Jun/2015:21:40:48 -0400] "GET /color-themes-eclipse/ HTTP/1.1" 200 4298 "-" "Mozilla/5.0 (compatible; SeznamBot/3.2; +http://fulltext.sblog.cz/)"
141.101.96.208 - - [25/Jun/2015:21:40:49 -0400] "GET /android-customization/ HTTP/1.1" 200 4984 "-" "Mozilla/5.0 (compatible; SeznamBot/3.2; +http://fulltext.sblog.cz/)"
141.101.96.208 - - [25/Jun/2015:21:40:49 -0400] "GET /tag/bugs/ HTTP/1.1" 200 1737 "-" "Mozilla/5.0 (compatible; SeznamBot/3.2; +http://fulltext.sblog.cz/)"
141.101.96.208 - - [25/Jun/2015:21:40:50 -0400] "GET /tag/getting-started/ HTTP/1.1" 200 1384 "-" "Mozilla/5.0 (compatible; SeznamBot/3.2; +http://fulltext.sblog.cz/)"
141.101.96.208 - - [25/Jun/2015:21:40:51 -0400] "GET /tag/team-members/ HTTP/1.1" 200 1379 "-" "Mozilla/5.0 (compatible; SeznamBot/3.2; +http://fulltext.sblog.cz/)"
141.101.96.208 - - [25/Jun/2015:21:40:51 -0400] "GET /next-parts-of-the-guide-and-future-topics/ HTTP/1.1" 200 4140 "-" "Mozilla/5.0 (compatible; SeznamBot/3.2; +http://fulltext.sblog.cz/)"
141.101.96.208 - - [25/Jun/2015:21:40:52 -0400] "GET /tag/go-greek/ HTTP/1.1" 200 1724 "-" "Mozilla/5.0 (compatible; SeznamBot/3.2; +http://fulltext.sblog.cz/)"
141.101.96.208 - - [25/Jun/2015:21:40:52 -0400] "GET /tag/interview-street/ HTTP/1.1" 200 1781 "-" "Mozilla/5.0 (compatible; SeznamBot/3.2; +http://fulltext.sblog.cz/)"
141.101.96.208 - - [25/Jun/2015:21:40:53 -0400] "GET /tag/vaio-pro/ HTTP/1.1" 200 1374 "-" "Mozilla/5.0 (compatible; SeznamBot/3.2; +http://fulltext.sblog.cz/)"
108.162.219.145 - - [25/Jun/2015:21:49:08 -0400] "GET /news-sitemap.xml/ HTTP/1.1" 404 794 "-" "Mozilla/5.0 (compatible; Yahoo! Slurp; http://help.yahoo.com/help/us/ysearch/slurp)"
108.162.221.112 - - [25/Jun/2015:21:54:22 -0400] "GET /feed/ HTTP/1.1" 301 66 "-" "Mozilla/5.0 (Macintosh; U; PPC Mac OS X; en) AppleWebKit/412 (KHTML, like Gecko) Safari/412"
108.162.221.112 - - [25/Jun/2015:21:54:22 -0400] "GET /rss/ HTTP/1.1" 304 0 "-" "Mozilla/5.0 (Macintosh; U; PPC Mac OS X; en) AppleWebKit/412 (KHTML, like Gecko) Safari/412"
141.101.99.109 - - [25/Jun/2015:22:07:54 -0400] "GET /tokyo-in-gradient/ HTTP/1.1" 200 2758 "-" "Mozilla/5.0 (compatible; YandexBot/3.0; +http://yandex.com/bots)"
108.162.241.225 - - [25/Jun/2015:22:20:52 -0400] "GET / HTTP/1.1" 200 3858 "-" "Mozilla/5.0 (Windows NT 6.1; WOW64) AppleWebKit/537.36 (KHTML, like Gecko) Chrome/43.0.2357.124 Safari/537.36"
108.162.242.228 - - [25/Jun/2015:22:20:53 -0400] "GET /assets/js/index.js?v=80ba7bac63 HTTP/1.1" 200 656 "http://krisviceral.com/" "Mozilla/5.0 (Windows NT 6.1; WOW64) AppleWebKit/537.36 (KHTML, like Gecko) Chrome/43.0.2357.124 Safari/537.36"
108.162.242.227 - - [25/Jun/2015:22:20:53 -0400] "GET /assets/css/screen.css?v=80ba7bac63 HTTP/1.1" 200 9133 "http://krisviceral.com/" "Mozilla/5.0 (Windows NT 6.1; WOW64) AppleWebKit/537.36 (KHTML, like Gecko) Chrome/43.0.2357.124 Safari/537.36"
108.162.242.228 - - [25/Jun/2015:22:20:53 -0400] "GET /assets/js/jquery.fitvids.js?v=80ba7bac63 HTTP/1.1" 200 1203 "http://krisviceral.com/" "Mozilla/5.0 (Windows NT 6.1; WOW64) AppleWebKit/537.36 (KHTML, like Gecko) Chrome/43.0.2357.124 Safari/537.36"
108.162.242.225 - - [25/Jun/2015:22:20:53 -0400] "GET /content/images/2015/05/logo1-1.png HTTP/1.1" 200 13236 "http://krisviceral.com/" "Mozilla/5.0 (Windows NT 6.1; WOW64) AppleWebKit/537.36 (KHTML, like Gecko) Chrome/43.0.2357.124 Safari/537.36"
108.162.241.226 - - [25/Jun/2015:22:20:53 -0400] "GET /public/jquery.js?v=80ba7bac63 HTTP/1.1" 200 84922 "http://krisviceral.com/" "Mozilla/5.0 (Windows NT 6.1; WOW64) AppleWebKit/537.36 (KHTML, like Gecko) Chrome/43.0.2357.124 Safari/537.36"
108.162.242.64 - - [25/Jun/2015:22:20:53 -0400] "GET /assets/fonts/casper-icons.woff HTTP/1.1" 200 2580 "http://krisviceral.com/assets/css/screen.css?v=80ba7bac63" "Mozilla/5.0 (Windows NT 6.1; WOW64) AppleWebKit/537.36 (KHTML, like Gecko) Chrome/43.0.2357.124 Safari/537.36"
108.162.242.227 - - [25/Jun/2015:22:20:53 -0400] "GET /content/images/2015/05/bg-faded.jpg HTTP/1.1" 200 228961 "http://krisviceral.com/" "Mozilla/5.0 (Windows NT 6.1; WOW64) AppleWebKit/537.36 (KHTML, like Gecko) Chrome/43.0.2357.124 Safari/537.36"
108.162.241.225 - - [25/Jun/2015:22:21:06 -0400] "GET /setup-a-ghost-blog-with-docker-and-nginx/ HTTP/1.1" 200 10265 "http://krisviceral.com/" "Mozilla/5.0 (Windows NT 6.1; WOW64) AppleWebKit/537.36 (KHTML, like Gecko) Chrome/43.0.2357.124 Safari/537.36"
108.162.241.225 - - [25/Jun/2015:22:21:06 -0400] "GET /content/images/2015/05/bg-mobile-1.jpg HTTP/1.1" 200 52481 "http://krisviceral.com/setup-a-ghost-blog-with-docker-and-nginx/" "Mozilla/5.0 (Windows NT 6.1; WOW64) AppleWebKit/537.36 (KHTML, like Gecko) Chrome/43.0.2357.124 Safari/537.36"
108.162.241.228 - - [25/Jun/2015:22:21:06 -0400] "GET /content/images/2015/06/material.png HTTP/1.1" 200 18706 "http://krisviceral.com/setup-a-ghost-blog-with-docker-and-nginx/" "Mozilla/5.0 (Windows NT 6.1; WOW64) AppleWebKit/537.36 (KHTML, like Gecko) Chrome/43.0.2357.124 Safari/537.36"
108.162.242.227 - - [25/Jun/2015:22:21:06 -0400] "GET /content/images/2015/05/switch.jpg HTTP/1.1" 200 709367 "http://krisviceral.com/setup-a-ghost-blog-with-docker-and-nginx/" "Mozilla/5.0 (Windows NT 6.1; WOW64) AppleWebKit/537.36 (KHTML, like Gecko) Chrome/43.0.2357.124 Safari/537.36"
