108.162.226.163 - - [25/Jun/2015:02:37:34 -0400] "GET /2013/03/ HTTP/1.1" 404 794 "-" "Mozilla/5.0 (compatible; Baiduspider/2.0; +http://www.baidu.com/search/spider.html)"
189.57.228.200 - - [25/Jun/2015:02:37:36 -0400] "GET /manager/html HTTP/1.1" 404 151 "-" "Mozilla/5.0 (Windows NT 5.1; rv:5.0) Gecko/20100101 Firefox/5.0"
199.27.133.116 - - [25/Jun/2015:02:39:21 -0400] "GET /webservice/ HTTP/1.1" 200 6673 "-" "TurnitinBot/3.0 (http://www.turnitin.com/robot/crawlerinfo.html)"
162.158.76.23 - - [25/Jun/2015:02:39:49 -0400] "GET /author/ HTTP/1.1" 200 4467 "-" "Mozilla/5.0 (compatible; Googlebot/2.1; +http://www.google.com/bot.html)"
199.27.133.116 - - [25/Jun/2015:02:44:45 -0400] "GET /we-are-live/ HTTP/1.1" 200 7156 "-" "TurnitinBot/3.0 (http://www.turnitin.com/robot/crawlerinfo.html)"
173.245.50.212 - - [25/Jun/2015:02:45:31 -0400] "GET /robots.txt HTTP/1.1" 200 108 "-" "python-requests/2.2.1 CPython/2.7.3 Linux/3.2.0-56-generic"
173.245.50.242 - - [25/Jun/2015:02:45:31 -0400] "GET /news-sitemap.xml HTTP/1.1" 301 5 "-" "rogerbot/1.0 (http://www.moz.com/dp/rogerbot, rogerbot-crawler@moz.com)"
173.245.50.242 - - [25/Jun/2015:02:45:32 -0400] "GET /news-sitemap.xml/ HTTP/1.1" 404 794 "-" "rogerbot/1.0 (http://www.moz.com/dp/rogerbot, rogerbot-crawler@moz.com)"
199.27.128.163 - - [25/Jun/2015:02:49:13 -0400] "GET /rss/ HTTP/1.1" 200 49585 "-" "Mozilla/4.0 (Windows 98; US) Opera 10.00 [en]"
199.27.133.116 - - [25/Jun/2015:02:49:44 -0400] "GET /upgrade-what-matters-more-by-jay-alonzo/ HTTP/1.1" 200 3646 "-" "TurnitinBot/3.0 (http://www.turnitin.com/robot/crawlerinfo.html)"
199.27.133.116 - - [25/Jun/2015:02:54:23 -0400] "GET /tag/work-life/ HTTP/1.1" 200 1834 "-" "TurnitinBot/3.0 (http://www.turnitin.com/robot/crawlerinfo.html)"
141.101.105.133 - - [25/Jun/2015:02:57:42 -0400] "GET /wp-content/plugins/arforms/js/colpick.js HTTP/1.1" 301 5 "-" "-"
141.101.105.161 - - [25/Jun/2015:02:57:42 -0400] "GET /wp-content/plugins/mailcwp/js/mailcwp-admin.js HTTP/1.1" 301 5 "-" "-"
141.101.105.80 - - [25/Jun/2015:02:57:43 -0400] "GET /wp-content/plugins/wp-answers-plugin/includes/js/bootstrap.min.js HTTP/1.1" 301 5 "-" "-"
141.101.105.139 - - [25/Jun/2015:02:57:43 -0400] "GET /wp-content/plugins/ultimate-member/assets/js/um-account.js HTTP/1.1" 301 5 "-" "-"
141.101.105.175 - - [25/Jun/2015:02:57:43 -0400] "GET /wp-content/plugins/tidio-gallery/media/js/admin-gallery-inside.js HTTP/1.1" 301 5 "-" "-"
141.101.105.175 - - [25/Jun/2015:02:57:43 -0400] "GET /wp-content/plugins/simple-ads-manager/js/dialog-ad.php HTTP/1.1" 301 5 "-" "-"
141.101.105.133 - - [25/Jun/2015:02:57:43 -0400] "GET /wp-content/themes/beach-holiday/css/ctxphc-print-style.css HTTP/1.1" 301 5 "-" "-"
141.101.105.164 - - [25/Jun/2015:02:57:44 -0400] "GET /wp-content/plugins/store-locator-le/css/csl-slplus.css HTTP/1.1" 301 5 "-" "-"
199.27.133.116 - - [25/Jun/2015:02:58:48 -0400] "GET /tag/web-service/ HTTP/1.1" 200 1892 "-" "TurnitinBot/3.0 (http://www.turnitin.com/robot/crawlerinfo.html)"
141.101.97.57 - - [25/Jun/2015:03:00:02 -0400] "GET /robots.txt HTTP/1.1" 200 108 "-" "Mozilla/5.0 (compatible; bingbot/3.0-alpha; +http://www.bing.com/bingbot.htm)"
141.101.97.214 - - [25/Jun/2015:03:00:02 -0400] "GET /wp-login.php HTTP/1.1" 301 5 "-" "Mozilla/5.0 (Windows NT 6.1; rv:36.0) Gecko/20100101 Firefox/36.0"
141.101.97.214 - - [25/Jun/2015:03:00:02 -0400] "GET /admin/index.php HTTP/1.1" 301 5 "-" "Mozilla/5.0 (compatible; bingbot/3.0-alpha; +http://www.bing.com/bingbot.htm)"
141.101.97.214 - - [25/Jun/2015:03:00:03 -0400] "GET /bitrix/admin/index.php?lang=en HTTP/1.1" 301 5 "-" "Mozilla/5.0 (compatible; bingbot/3.0-alpha; +http://www.bing.com/bingbot.htm)"
199.27.133.116 - - [25/Jun/2015:03:03:29 -0400] "GET /tag/ultrabook/ HTTP/1.1" 200 2008 "-" "TurnitinBot/3.0 (http://www.turnitin.com/robot/crawlerinfo.html)"
108.162.219.145 - - [25/Jun/2015:03:05:11 -0400] "GET /news-sitemap.xml/ HTTP/1.1" 404 794 "-" "Mozilla/5.0 (compatible; Yahoo! Slurp; http://help.yahoo.com/help/us/ysearch/slurp)"
199.27.133.116 - - [25/Jun/2015:03:07:51 -0400] "GET /tag/toronto/ HTTP/1.1" 200 1793 "-" "TurnitinBot/3.0 (http://www.turnitin.com/robot/crawlerinfo.html)"
199.27.133.116 - - [25/Jun/2015:03:12:20 -0400] "GET /tag/spring-mvc/ HTTP/1.1" 200 1892 "-" "TurnitinBot/3.0 (http://www.turnitin.com/robot/crawlerinfo.html)"
199.27.133.116 - - [25/Jun/2015:03:16:36 -0400] "GET /tag/software-development/ HTTP/1.1" 200 1840 "-" "TurnitinBot/3.0 (http://www.turnitin.com/robot/crawlerinfo.html)"
199.27.133.116 - - [25/Jun/2015:03:21:02 -0400] "GET /tag/service-oriented-architecture/ HTTP/1.1" 200 1897 "-" "TurnitinBot/3.0 (http://www.turnitin.com/robot/crawlerinfo.html)"
188.114.104.59 - - [25/Jun/2015:03:21:13 -0400] "GET /robots.txt HTTP/1.1" 200 108 "-" "Mozilla/5.0 (compatible; Googlebot/2.1; +http://www.google.com/bot.html)"
173.245.63.168 - - [25/Jun/2015:03:21:13 -0400] "GET /tag/cartoons/ HTTP/1.1" 200 1744 "-" "Mozilla/5.0 (compatible; Googlebot/2.1; +http://www.google.com/bot.html)"
199.27.133.116 - - [25/Jun/2015:03:25:24 -0400] "GET /tag/representational-state-transfer/ HTTP/1.1" 200 1898 "-" "TurnitinBot/3.0 (http://www.turnitin.com/robot/crawlerinfo.html)"
162.158.76.197 - - [25/Jun/2015:03:27:54 -0400] "GET /sitemap.xml HTTP/1.1" 200 626 "-" "Mozilla/5.0 (compatible; Googlebot/2.1; +http://www.google.com/bot.html)"
199.27.133.116 - - [25/Jun/2015:03:29:53 -0400] "GET /tag/random-ramblings/ HTTP/1.1" 200 1772 "-" "TurnitinBot/3.0 (http://www.turnitin.com/robot/crawlerinfo.html)"
199.27.133.116 - - [25/Jun/2015:03:34:25 -0400] "GET /tag/photography/ HTTP/1.1" 200 2154 "-" "TurnitinBot/3.0 (http://www.turnitin.com/robot/crawlerinfo.html)"
199.27.133.116 - - [25/Jun/2015:03:38:50 -0400] "GET /tag/nas/ HTTP/1.1" 200 1828 "-" "TurnitinBot/3.0 (http://www.turnitin.com/robot/crawlerinfo.html)"
199.27.133.116 - - [25/Jun/2015:03:43:35 -0400] "GET /tag/manager/ HTTP/1.1" 200 1832 "-" "TurnitinBot/3.0 (http://www.turnitin.com/robot/crawlerinfo.html)"
199.27.133.116 - - [25/Jun/2015:03:48:49 -0400] "GET /tag/leadership/ HTTP/1.1" 200 1835 "-" "TurnitinBot/3.0 (http://www.turnitin.com/robot/crawlerinfo.html)"
199.27.133.116 - - [25/Jun/2015:03:53:37 -0400] "GET /tag/leader/ HTTP/1.1" 200 1829 "-" "TurnitinBot/3.0 (http://www.turnitin.com/robot/crawlerinfo.html)"
199.27.128.163 - - [25/Jun/2015:03:58:03 -0400] "GET /rss/ HTTP/1.1" 200 49585 "-" "Mozilla/4.0 (Windows 98; US) Opera 10.00 [en]"
199.27.133.116 - - [25/Jun/2015:03:58:19 -0400] "GET /tag/laptop/ HTTP/1.1" 200 1817 "-" "TurnitinBot/3.0 (http://www.turnitin.com/robot/crawlerinfo.html)"
199.27.133.116 - - [25/Jun/2015:04:03:11 -0400] "GET /tag/json/ HTTP/1.1" 200 1889 "-" "TurnitinBot/3.0 (http://www.turnitin.com/robot/crawlerinfo.html)"
199.27.133.116 - - [25/Jun/2015:04:07:50 -0400] "GET /tag/jersey/ HTTP/1.1" 200 1891 "-" "TurnitinBot/3.0 (http://www.turnitin.com/robot/crawlerinfo.html)"
199.27.133.116 - - [25/Jun/2015:04:12:38 -0400] "GET /tag/java-api-for-restful-web-services/ HTTP/1.1" 200 1896 "-" "TurnitinBot/3.0 (http://www.turnitin.com/robot/crawlerinfo.html)"
199.27.133.116 - - [25/Jun/2015:04:17:23 -0400] "GET /tag/intel/ HTTP/1.1" 200 2006 "-" "TurnitinBot/3.0 (http://www.turnitin.com/robot/crawlerinfo.html)"
199.27.133.116 - - [25/Jun/2015:04:22:11 -0400] "GET /tag/instagram/ HTTP/1.1" 200 1778 "-" "TurnitinBot/3.0 (http://www.turnitin.com/robot/crawlerinfo.html)"
162.158.76.161 - - [25/Jun/2015:04:23:20 -0400] "GET /feed HTTP/1.1" 301 5 "-" "Mozilla/5.0 (compatible; Googlebot/2.1; +http://www.google.com/bot.html)"
173.245.56.27 - - [25/Jun/2015:04:23:21 -0400] "GET /feed/ HTTP/1.1" 301 39 "-" "Mozilla/5.0 (compatible; Googlebot/2.1; +http://www.google.com/bot.html)"
188.114.104.47 - - [25/Jun/2015:04:23:21 -0400] "GET /rss/ HTTP/1.1" 200 49585 "-" "Mozilla/5.0 (compatible; Googlebot/2.1; +http://www.google.com/bot.html)"
199.27.133.116 - - [25/Jun/2015:04:27:22 -0400] "GET /tag/ice-storm/ HTTP/1.1" 200 1790 "-" "TurnitinBot/3.0 (http://www.turnitin.com/robot/crawlerinfo.html)"
199.27.133.116 - - [25/Jun/2015:04:32:18 -0400] "GET /tag/hard-drives/ HTTP/1.1" 200 1830 "-" "TurnitinBot/3.0 (http://www.turnitin.com/robot/crawlerinfo.html)"
108.162.215.206 - - [25/Jun/2015:04:33:02 -0400] "GET /tag/leadership/ HTTP/1.1" 200 1835 "-" "Mozilla/5.0 (compatible; Baiduspider/2.0; +http://www.baidu.com/search/spider.html)"
173.245.53.143 - - [25/Jun/2015:04:36:33 -0400] "GET /2014/01/20/save-your-data-tips-for-local-remote-and-online-backup/+Result:+chosen+nickname+%22carteykiloink%22;+success+%28from+first+page%29; HTTP/1.1" 301 5 "http://krisviceral.com/2014/01/20/save-your-data-tips-for-local-remote-and-online-backup/+Result:+chosen+nickname+%22carteykiloink%22;+success+%28from+first+page%29;" "Mozilla/5.0 (Windows NT 5.1) AppleWebKit/537.36 (KHTML, like Gecko) Chrome/39.0.2171.71 Safari/537.36"
173.245.53.143 - - [25/Jun/2015:04:36:33 -0400] "GET /2014/01/20/save-your-data-tips-for-local-remote-and-online-backup/+Result:+chosen+nickname+%22carteykiloink%22;+success+%28from+first+page%29;/ HTTP/1.1" 301 344 "http://krisviceral.com/2014/01/20/save-your-data-tips-for-local-remote-and-online-backup/+Result:+chosen+nickname+%22carteykiloink%22;+success+%28from+first+page%29;/" "Mozilla/5.0 (Windows NT 5.1) AppleWebKit/537.36 (KHTML, like Gecko) Chrome/39.0.2171.71 Safari/537.36"
173.245.53.143 - - [25/Jun/2015:04:36:34 -0400] "GET /2014/01/20/save-your-data-tips-for-local-remote-and-online-backup/+result:+chosen+nickname+%22carteykiloink%22;+success+%28from+first+page%29;/ HTTP/1.1" 404 794 "http://krisviceral.com/2014/01/20/save-your-data-tips-for-local-remote-and-online-backup/+result:+chosen+nickname+%22carteykiloink%22;+success+%28from+first+page%29;/" "Mozilla/5.0 (Windows NT 5.1) AppleWebKit/537.36 (KHTML, like Gecko) Chrome/39.0.2171.71 Safari/537.36"
173.245.53.143 - - [25/Jun/2015:04:36:34 -0400] "GET / HTTP/1.1" 200 3858 "http://krisviceral.com/" "Mozilla/5.0 (Windows NT 5.1) AppleWebKit/537.36 (KHTML, like Gecko) Chrome/39.0.2171.71 Safari/537.36"
188.114.104.59 - - [25/Jun/2015:04:37:00 -0400] "GET /robots.txt HTTP/1.1" 200 108 "-" "Mozilla/5.0 (compatible; Googlebot/2.1; +http://www.google.com/bot.html)"
188.114.104.5 - - [25/Jun/2015:04:37:00 -0400] "GET /made-up-recipe-bacon-and-egg-rollmaki/ HTTP/1.1" 200 3552 "-" "Mozilla/5.0 (compatible; Googlebot/2.1; +http://www.google.com/bot.html)"
199.27.133.116 - - [25/Jun/2015:04:37:24 -0400] "GET /tag/gaming-pc/ HTTP/1.1" 200 2104 "-" "TurnitinBot/3.0 (http://www.turnitin.com/robot/crawlerinfo.html)"
173.245.54.27 - - [25/Jun/2015:04:41:36 -0400] "GET / HTTP/1.1" 200 3858 "-" "Mozilla/5.0 (Windows NT 6.1; rv:2.0b10) Gecko/20110126 Firefox/4.0b10"
199.27.133.200 - - [25/Jun/2015:04:42:14 -0400] "GET /favicon.ico HTTP/1.1" 200 96 "-" "Opera/9.80 (Android; Opera Mini/7.5.35613/36.2381; U; en) Presto/2.12.423 Version/12.16"
199.27.133.116 - - [25/Jun/2015:04:42:41 -0400] "GET /tag/crashplan/ HTTP/1.1" 200 1830 "-" "TurnitinBot/3.0 (http://www.turnitin.com/robot/crawlerinfo.html)"
173.245.54.27 - - [25/Jun/2015:04:44:42 -0400] "GET / HTTP/1.1" 200 3858 "-" "Mozilla/5.0 (Windows NT 6.1; Win64; x64; rv:2.0b8pre) Gecko/20101114 Firefox/4.0b8pre"
199.27.133.116 - - [25/Jun/2015:04:48:44 -0400] "GET /tag/camera/ HTTP/1.1" 200 1758 "-" "TurnitinBot/3.0 (http://www.turnitin.com/robot/crawlerinfo.html)"
108.162.219.145 - - [25/Jun/2015:04:49:46 -0400] "GET /news-sitemap.xml/ HTTP/1.1" 404 794 "-" "Mozilla/5.0 (compatible; Yahoo! Slurp; http://help.yahoo.com/help/us/ysearch/slurp)"
199.27.133.116 - - [25/Jun/2015:04:54:13 -0400] "GET /tag/buying-guide/ HTTP/1.1" 200 1810 "-" "TurnitinBot/3.0 (http://www.turnitin.com/robot/crawlerinfo.html)"
199.27.133.116 - - [25/Jun/2015:04:59:16 -0400] "GET /tag/backup/ HTTP/1.1" 200 1828 "-" "TurnitinBot/3.0 (http://www.turnitin.com/robot/crawlerinfo.html)"
199.27.133.116 - - [25/Jun/2015:05:04:24 -0400] "GET /save-your-data-tips-for-local-remote-and-online-backup/ HTTP/1.1" 200 10439 "-" "TurnitinBot/3.0 (http://www.turnitin.com/robot/crawlerinfo.html)"
199.27.133.92 - - [25/Jun/2015:05:04:40 -0400] "GET /rss/ HTTP/1.1" 304 0 "-" "Feedly/1.0 (+http://www.feedly.com/fetcher.html; like FeedFetcher-Google)"
173.245.53.65 - - [25/Jun/2015:05:06:24 -0400] "GET /2013/03/25/insights-interview-with-patrick-wyatt-co-founder-of-arenanet-former-vp-of-r-and-d-at-blizzard/ HTTP/1.1" 404 794 "-" "Mozilla/5.0 (X11; Ubuntu; Linux x86_64; rv:14.0) Gecko/20100101 Firefox/14.0.1"
199.27.133.116 - - [25/Jun/2015:05:09:17 -0400] "GET /rss/ HTTP/1.1" 200 49585 "-" "TurnitinBot/3.0 (http://www.turnitin.com/robot/crawlerinfo.html)"
199.27.133.116 - - [25/Jun/2015:05:14:14 -0400] "GET /page/2/ HTTP/1.1" 200 3275 "-" "TurnitinBot/3.0 (http://www.turnitin.com/robot/crawlerinfo.html)"
199.27.133.116 - - [25/Jun/2015:05:19:28 -0400] "GET /instagram-and-smartphone-challenge/ HTTP/1.1" 200 4584 "-" "TurnitinBot/3.0 (http://www.turnitin.com/robot/crawlerinfo.html)"
199.27.133.116 - - [25/Jun/2015:05:24:17 -0400] "GET /insights-interview-with-patrick-wyatt-co-founder-of-arenanet-former-vp-of-r-and-d-at-blizzard/ HTTP/1.1" 200 7738 "-" "TurnitinBot/3.0 (http://www.turnitin.com/robot/crawlerinfo.html)"
199.27.133.141 - - [25/Jun/2015:05:27:16 -0400] "GET / HTTP/1.1" 200 3858 "-" "Mozilla/5.0 (compatible; bingbot/2.0; +http://www.bing.com/bingbot.htm)"
199.27.128.163 - - [25/Jun/2015:05:28:24 -0400] "GET /rss/ HTTP/1.1" 200 49585 "-" "Mozilla/4.0 (Windows 98; US) Opera 10.00 [en]"
199.27.133.116 - - [25/Jun/2015:05:29:49 -0400] "GET /frozen-torontos-2014-ice-storm/ HTTP/1.1" 200 3087 "-" "TurnitinBot/3.0 (http://www.turnitin.com/robot/crawlerinfo.html)"
162.158.76.161 - - [25/Jun/2015:05:30:45 -0400] "GET / HTTP/1.1" 200 3858 "-" "Mozilla/5.0 (compatible; Googlebot/2.1; +http://www.google.com/bot.html)"
199.27.133.116 - - [25/Jun/2015:05:35:14 -0400] "GET /buymealaptop/ HTTP/1.1" 200 11761 "-" "TurnitinBot/3.0 (http://www.turnitin.com/robot/crawlerinfo.html)"
199.27.133.116 - - [25/Jun/2015:05:40:22 -0400] "GET /be-a-manager-and-some-qualities-i-like-about-management-and-leadership/ HTTP/1.1" 200 6398 "-" "TurnitinBot/3.0 (http://www.turnitin.com/robot/crawlerinfo.html)"
199.27.133.116 - - [25/Jun/2015:05:45:20 -0400] "GET /author/kv/ HTTP/1.1" 200 3962 "-" "TurnitinBot/3.0 (http://www.turnitin.com/robot/crawlerinfo.html)"
108.162.219.145 - - [25/Jun/2015:05:49:48 -0400] "GET /news-sitemap.xml/ HTTP/1.1" 404 794 "-" "Mozilla/5.0 (compatible; Yahoo! Slurp; http://help.yahoo.com/help/us/ysearch/slurp)"
199.27.133.116 - - [25/Jun/2015:05:50:12 -0400] "GET /1023/ HTTP/1.1" 200 2713 "-" "TurnitinBot/3.0 (http://www.turnitin.com/robot/crawlerinfo.html)"
188.114.104.59 - - [25/Jun/2015:05:52:47 -0400] "GET /robots.txt HTTP/1.1" 200 108 "-" "Mozilla/5.0 (compatible; Googlebot/2.1; +http://www.google.com/bot.html)"
173.245.56.26 - - [25/Jun/2015:05:52:47 -0400] "GET /get-started-with-customization/wallbase.cc HTTP/1.1" 301 5 "-" "Mozilla/5.0 (compatible; Googlebot/2.1; +http://www.google.com/bot.html)"
162.158.76.203 - - [25/Jun/2015:05:52:48 -0400] "GET /get-started-with-customization/wallbase.cc/ HTTP/1.1" 404 794 "-" "Mozilla/5.0 (compatible; Googlebot/2.1; +http://www.google.com/bot.html)"
199.27.133.116 - - [25/Jun/2015:05:55:40 -0400] "GET /2013/03/25/insights-interview-with-patrick-wyatt-co-founder-of-arenanet-former-vp-of-r-and-d-at-blizzard/?share=facebook HTTP/1.1" 404 794 "-" "TurnitinBot/3.0 (http://www.turnitin.com/robot/crawlerinfo.html)"
199.27.133.116 - - [25/Jun/2015:06:00:35 -0400] "GET /2013/03/25/insights-interview-with-patrick-wyatt-co-founder-of-arenanet-former-vp-of-r-and-d-at-blizzard/?share=email HTTP/1.1" 404 794 "-" "TurnitinBot/3.0 (http://www.turnitin.com/robot/crawlerinfo.html)"
199.27.133.116 - - [25/Jun/2015:06:05:38 -0400] "GET /type/video/ HTTP/1.1" 404 794 "-" "TurnitinBot/3.0 (http://www.turnitin.com/robot/crawlerinfo.html)"
199.27.133.116 - - [25/Jun/2015:06:11:01 -0400] "GET /type/quote/ HTTP/1.1" 404 794 "-" "TurnitinBot/3.0 (http://www.turnitin.com/robot/crawlerinfo.html)"
199.27.133.116 - - [25/Jun/2015:06:16:06 -0400] "GET /tag/extraversion-and-introversion/ HTTP/1.1" 200 1737 "-" "TurnitinBot/3.0 (http://www.turnitin.com/robot/crawlerinfo.html)"
173.245.56.137 - - [25/Jun/2015:06:21:00 -0400] "GET /welcome-to-the-future-google-glass/ HTTP/1.1" 200 2606 "-" "Mozilla/5.0 (compatible; SiteExplorer/1.0b; +http://siteexplorer.info/)"
173.245.56.137 - - [25/Jun/2015:06:21:05 -0400] "GET /upgrade-what-matters-more-by-jay-alonzo/ HTTP/1.1" 200 3646 "-" "Mozilla/5.0 (compatible; SiteExplorer/1.0b; +http://siteexplorer.info/)"
173.245.56.137 - - [25/Jun/2015:06:21:10 -0400] "GET /updated-gaming-pc-for-30000-pesos/ HTTP/1.1" 200 5919 "-" "Mozilla/5.0 (compatible; SiteExplorer/1.0b; +http://siteexplorer.info/)"
173.245.56.137 - - [25/Jun/2015:06:21:14 -0400] "GET /tag/ultrabook/ HTTP/1.1" 200 2008 "-" "Mozilla/5.0 (compatible; SiteExplorer/1.0b; +http://siteexplorer.info/)"
173.245.56.137 - - [25/Jun/2015:06:21:19 -0400] "GET /tag/toronto/ HTTP/1.1" 200 1793 "-" "Mozilla/5.0 (compatible; SiteExplorer/1.0b; +http://siteexplorer.info/)"
173.245.56.137 - - [25/Jun/2015:06:21:24 -0400] "GET /tag/tablets/ HTTP/1.1" 200 1788 "-" "Mozilla/5.0 (compatible; SiteExplorer/1.0b; +http://siteexplorer.info/)"
173.245.56.137 - - [25/Jun/2015:06:21:29 -0400] "GET /tag/starcraft/ HTTP/1.1" 200 1779 "-" "Mozilla/5.0 (compatible; SiteExplorer/1.0b; +http://siteexplorer.info/)"
173.245.56.137 - - [25/Jun/2015:06:21:34 -0400] "GET /tag/setup-tag/ HTTP/1.1" 200 1754 "-" "Mozilla/5.0 (compatible; SiteExplorer/1.0b; +http://siteexplorer.info/)"
173.245.56.137 - - [25/Jun/2015:06:21:39 -0400] "GET /tag/quotes/ HTTP/1.1" 200 1741 "-" "Mozilla/5.0 (compatible; SiteExplorer/1.0b; +http://siteexplorer.info/)"
173.245.56.137 - - [25/Jun/2015:06:21:43 -0400] "GET /tag/photography/ HTTP/1.1" 200 2154 "-" "Mozilla/5.0 (compatible; SiteExplorer/1.0b; +http://siteexplorer.info/)"
173.245.56.137 - - [25/Jun/2015:06:21:48 -0400] "GET /tag/nas/ HTTP/1.1" 200 1828 "-" "Mozilla/5.0 (compatible; SiteExplorer/1.0b; +http://siteexplorer.info/)"
173.245.56.137 - - [25/Jun/2015:06:21:53 -0400] "GET /tag/microsoft-office/ HTTP/1.1" 200 1824 "-" "Mozilla/5.0 (compatible; SiteExplorer/1.0b; +http://siteexplorer.info/)"
173.245.56.137 - - [25/Jun/2015:06:21:57 -0400] "GET /tag/laptop/ HTTP/1.1" 200 1817 "-" "Mozilla/5.0 (compatible; SiteExplorer/1.0b; +http://siteexplorer.info/)"
173.245.56.137 - - [25/Jun/2015:06:22:02 -0400] "GET /tag/interview-street/ HTTP/1.1" 200 1781 "-" "Mozilla/5.0 (compatible; SiteExplorer/1.0b; +http://siteexplorer.info/)"
173.245.56.137 - - [25/Jun/2015:06:22:07 -0400] "GET /tag/instagram/ HTTP/1.1" 200 1778 "-" "Mozilla/5.0 (compatible; SiteExplorer/1.0b; +http://siteexplorer.info/)"
173.245.56.137 - - [25/Jun/2015:06:22:12 -0400] "GET /tag/indie/ HTTP/1.1" 200 1731 "-" "Mozilla/5.0 (compatible; SiteExplorer/1.0b; +http://siteexplorer.info/)"
173.245.56.137 - - [25/Jun/2015:06:22:16 -0400] "GET /tag/indie-games/ HTTP/1.1" 200 1779 "-" "Mozilla/5.0 (compatible; SiteExplorer/1.0b; +http://siteexplorer.info/)"
173.245.56.137 - - [25/Jun/2015:06:22:21 -0400] "GET /tag/ice-storm/ HTTP/1.1" 200 1790 "-" "Mozilla/5.0 (compatible; SiteExplorer/1.0b; +http://siteexplorer.info/)"
173.245.56.137 - - [25/Jun/2015:06:22:26 -0400] "GET /tag/humble-indie-bundle/ HTTP/1.1" 200 1775 "-" "Mozilla/5.0 (compatible; SiteExplorer/1.0b; +http://siteexplorer.info/)"
173.245.56.137 - - [25/Jun/2015:06:22:30 -0400] "GET /tag/history/ HTTP/1.1" 200 1785 "-" "Mozilla/5.0 (compatible; SiteExplorer/1.0b; +http://siteexplorer.info/)"
173.245.56.137 - - [25/Jun/2015:06:22:35 -0400] "GET /tag/hard-drives/ HTTP/1.1" 200 1830 "-" "Mozilla/5.0 (compatible; SiteExplorer/1.0b; +http://siteexplorer.info/)"
173.245.56.137 - - [25/Jun/2015:06:22:40 -0400] "GET /tag/google-glass/ HTTP/1.1" 200 1739 "-" "Mozilla/5.0 (compatible; SiteExplorer/1.0b; +http://siteexplorer.info/)"
173.245.56.137 - - [25/Jun/2015:06:22:45 -0400] "GET /tag/google-docs/ HTTP/1.1" 200 1815 "-" "Mozilla/5.0 (compatible; SiteExplorer/1.0b; +http://siteexplorer.info/)"
173.245.56.137 - - [25/Jun/2015:06:22:49 -0400] "GET /tag/gaming-pc/ HTTP/1.1" 200 2104 "-" "Mozilla/5.0 (compatible; SiteExplorer/1.0b; +http://siteexplorer.info/)"
173.245.56.137 - - [25/Jun/2015:06:22:54 -0400] "GET /tag/customization/ HTTP/1.1" 200 2681 "-" "Mozilla/5.0 (compatible; SiteExplorer/1.0b; +http://siteexplorer.info/)"
173.245.56.137 - - [25/Jun/2015:06:22:59 -0400] "GET /tag/crashplan/ HTTP/1.1" 200 1830 "-" "Mozilla/5.0 (compatible; SiteExplorer/1.0b; +http://siteexplorer.info/)"
173.245.56.137 - - [25/Jun/2015:06:23:04 -0400] "GET /tag/buying-guide/ HTTP/1.1" 200 1810 "-" "Mozilla/5.0 (compatible; SiteExplorer/1.0b; +http://siteexplorer.info/)"
173.245.56.137 - - [25/Jun/2015:06:23:09 -0400] "GET /tag/bugs/ HTTP/1.1" 200 1737 "-" "Mozilla/5.0 (compatible; SiteExplorer/1.0b; +http://siteexplorer.info/)"
173.245.56.137 - - [25/Jun/2015:06:23:13 -0400] "GET /tag/backup/ HTTP/1.1" 200 1828 "-" "Mozilla/5.0 (compatible; SiteExplorer/1.0b; +http://siteexplorer.info/)"
173.245.56.137 - - [25/Jun/2015:06:23:18 -0400] "GET /tag/android/ HTTP/1.1" 200 1786 "-" "Mozilla/5.0 (compatible; SiteExplorer/1.0b; +http://siteexplorer.info/)"
173.245.56.137 - - [25/Jun/2015:06:23:23 -0400] "GET /tag/ams/ HTTP/1.1" 200 2141 "-" "Mozilla/5.0 (compatible; SiteExplorer/1.0b; +http://siteexplorer.info/)"
173.245.56.137 - - [25/Jun/2015:06:23:28 -0400] "GET /stringsinloop/ HTTP/1.1" 200 4535 "-" "Mozilla/5.0 (compatible; SiteExplorer/1.0b; +http://siteexplorer.info/)"
173.245.56.137 - - [25/Jun/2015:06:23:32 -0400] "GET /start-android-dev/ HTTP/1.1" 200 4363 "-" "Mozilla/5.0 (compatible; SiteExplorer/1.0b; +http://siteexplorer.info/)"
173.245.56.137 - - [25/Jun/2015:06:23:38 -0400] "GET /something-to-note-ms-office-2013-licenses-tied-to-hardware/ HTTP/1.1" 200 5178 "-" "Mozilla/5.0 (compatible; SiteExplorer/1.0b; +http://siteexplorer.info/)"
173.245.56.137 - - [25/Jun/2015:06:23:43 -0400] "GET /save-your-data-tips-for-local-remote-and-online-backup/ HTTP/1.1" 200 10439 "-" "Mozilla/5.0 (compatible; SiteExplorer/1.0b; +http://siteexplorer.info/)"
173.245.56.137 - - [25/Jun/2015:06:23:47 -0400] "GET /rss/ HTTP/1.1" 200 49585 "-" "Mozilla/5.0 (compatible; SiteExplorer/1.0b; +http://siteexplorer.info/)"
173.245.56.137 - - [25/Jun/2015:06:23:52 -0400] "GET /past-present-tablets/ HTTP/1.1" 200 2984 "-" "Mozilla/5.0 (compatible; SiteExplorer/1.0b; +http://siteexplorer.info/)"
173.245.56.137 - - [25/Jun/2015:06:23:57 -0400] "GET /iwantanultrabook/ HTTP/1.1" 200 4589 "-" "Mozilla/5.0 (compatible; SiteExplorer/1.0b; +http://siteexplorer.info/)"
173.245.56.137 - - [25/Jun/2015:06:24:02 -0400] "GET /its-always-good-to-be/ HTTP/1.1" 200 3780 "-" "Mozilla/5.0 (compatible; SiteExplorer/1.0b; +http://siteexplorer.info/)"
173.245.56.137 - - [25/Jun/2015:06:24:06 -0400] "GET /instagram-and-smartphone-challenge/ HTTP/1.1" 200 4584 "-" "Mozilla/5.0 (compatible; SiteExplorer/1.0b; +http://siteexplorer.info/)"
173.245.56.137 - - [25/Jun/2015:06:24:11 -0400] "GET /indiebundle/ HTTP/1.1" 200 4086 "-" "Mozilla/5.0 (compatible; SiteExplorer/1.0b; +http://siteexplorer.info/)"
173.245.56.137 - - [25/Jun/2015:06:24:16 -0400] "GET /get-started-with-customization/ HTTP/1.1" 200 6039 "-" "Mozilla/5.0 (compatible; SiteExplorer/1.0b; +http://siteexplorer.info/)"
173.245.56.137 - - [25/Jun/2015:06:24:21 -0400] "GET /frozen-torontos-2014-ice-storm/ HTTP/1.1" 200 3087 "-" "Mozilla/5.0 (compatible; SiteExplorer/1.0b; +http://siteexplorer.info/)"
173.245.56.137 - - [25/Jun/2015:06:24:25 -0400] "GET /eclipsebug/ HTTP/1.1" 200 3142 "-" "Mozilla/5.0 (compatible; SiteExplorer/1.0b; +http://siteexplorer.info/)"
173.245.56.137 - - [25/Jun/2015:06:24:30 -0400] "GET /difficultie/ HTTP/1.1" 200 3289 "-" "Mozilla/5.0 (compatible; SiteExplorer/1.0b; +http://siteexplorer.info/)"
173.245.56.137 - - [25/Jun/2015:06:24:35 -0400] "GET /complete-gaming-pc-for-30k/ HTTP/1.1" 200 5147 "-" "Mozilla/5.0 (compatible; SiteExplorer/1.0b; +http://siteexplorer.info/)"
173.245.56.137 - - [25/Jun/2015:06:24:40 -0400] "GET /color-themes-eclipse/ HTTP/1.1" 200 4298 "-" "Mozilla/5.0 (compatible; SiteExplorer/1.0b; +http://siteexplorer.info/)"
173.245.56.137 - - [25/Jun/2015:06:24:45 -0400] "GET /code-or-what-most-schools-dont-teach/ HTTP/1.1" 200 3782 "-" "Mozilla/5.0 (compatible; SiteExplorer/1.0b; +http://siteexplorer.info/)"
173.245.53.143 - - [25/Jun/2015:06:24:47 -0400] "GET /2014/01/20/save-your-data-tips-for-local-remote-and-online-backup/+Result:+chosen+nickname+%22carteykilorlm%22;+success+%28from+first+page%29; HTTP/1.1" 301 5 "http://krisviceral.com/2014/01/20/save-your-data-tips-for-local-remote-and-online-backup/+Result:+chosen+nickname+%22carteykilorlm%22;+success+%28from+first+page%29;" "Mozilla/5.0 (Windows NT 6.1) AppleWebKit/537.36 (KHTML, like Gecko) Chrome/37.0.2062.124 YaBrowser/14.10.2062.12521 Safari/537.36"
173.245.53.143 - - [25/Jun/2015:06:24:47 -0400] "GET /2014/01/20/save-your-data-tips-for-local-remote-and-online-backup/+Result:+chosen+nickname+%22carteykilorlm%22;+success+%28from+first+page%29;/ HTTP/1.1" 301 344 "http://krisviceral.com/2014/01/20/save-your-data-tips-for-local-remote-and-online-backup/+Result:+chosen+nickname+%22carteykilorlm%22;+success+%28from+first+page%29;/" "Mozilla/5.0 (Windows NT 6.1) AppleWebKit/537.36 (KHTML, like Gecko) Chrome/37.0.2062.124 YaBrowser/14.10.2062.12521 Safari/537.36"
173.245.53.143 - - [25/Jun/2015:06:24:48 -0400] "GET /2014/01/20/save-your-data-tips-for-local-remote-and-online-backup/+result:+chosen+nickname+%22carteykilorlm%22;+success+%28from+first+page%29;/ HTTP/1.1" 404 794 "http://krisviceral.com/2014/01/20/save-your-data-tips-for-local-remote-and-online-backup/+result:+chosen+nickname+%22carteykilorlm%22;+success+%28from+first+page%29;/" "Mozilla/5.0 (Windows NT 6.1) AppleWebKit/537.36 (KHTML, like Gecko) Chrome/37.0.2062.124 YaBrowser/14.10.2062.12521 Safari/537.36"
173.245.53.143 - - [25/Jun/2015:06:24:48 -0400] "GET / HTTP/1.1" 200 3858 "http://krisviceral.com/" "Mozilla/5.0 (Windows NT 6.1) AppleWebKit/537.36 (KHTML, like Gecko) Chrome/37.0.2062.124 YaBrowser/14.10.2062.12521 Safari/537.36"
173.245.56.137 - - [25/Jun/2015:06:24:49 -0400] "GET /buymealaptop/ HTTP/1.1" 200 11761 "-" "Mozilla/5.0 (compatible; SiteExplorer/1.0b; +http://siteexplorer.info/)"
173.245.56.137 - - [25/Jun/2015:06:24:54 -0400] "GET /bastion/ HTTP/1.1" 200 7678 "-" "Mozilla/5.0 (compatible; SiteExplorer/1.0b; +http://siteexplorer.info/)"
173.245.56.137 - - [25/Jun/2015:06:24:59 -0400] "GET /author/kv/ HTTP/1.1" 200 3962 "-" "Mozilla/5.0 (compatible; SiteExplorer/1.0b; +http://siteexplorer.info/)"
173.245.56.137 - - [25/Jun/2015:06:25:04 -0400] "GET /android-new-phone/ HTTP/1.1" 200 12626 "-" "Mozilla/5.0 (compatible; SiteExplorer/1.0b; +http://siteexplorer.info/)"
173.245.56.137 - - [25/Jun/2015:06:25:09 -0400] "GET /android-customization/ HTTP/1.1" 200 4984 "-" "Mozilla/5.0 (compatible; SiteExplorer/1.0b; +http://siteexplorer.info/)"
173.245.56.137 - - [25/Jun/2015:06:25:13 -0400] "GET /android-customization-concepts/ HTTP/1.1" 200 4913 "-" "Mozilla/5.0 (compatible; SiteExplorer/1.0b; +http://siteexplorer.info/)"
173.245.56.137 - - [25/Jun/2015:06:25:18 -0400] "GET /ams5/ HTTP/1.1" 200 6587 "-" "Mozilla/5.0 (compatible; SiteExplorer/1.0b; +http://siteexplorer.info/)"
173.245.56.137 - - [25/Jun/2015:06:25:23 -0400] "GET /ams4/ HTTP/1.1" 200 9391 "-" "Mozilla/5.0 (compatible; SiteExplorer/1.0b; +http://siteexplorer.info/)"
173.245.56.137 - - [25/Jun/2015:06:25:28 -0400] "GET /ams3/ HTTP/1.1" 200 8492 "-" "Mozilla/5.0 (compatible; SiteExplorer/1.0b; +http://siteexplorer.info/)"
108.162.226.163 - - [25/Jun/2015:06:25:29 -0400] "GET / HTTP/1.1" 200 3858 "-" "Mozilla/5.0 (compatible; Baiduspider/2.0; +http://www.baidu.com/search/spider.html)"
173.245.56.137 - - [25/Jun/2015:06:25:32 -0400] "GET /ams2/ HTTP/1.1" 200 4994 "-" "Mozilla/5.0 (compatible; SiteExplorer/1.0b; +http://siteexplorer.info/)"
173.245.56.137 - - [25/Jun/2015:06:25:37 -0400] "GET /ams1/ HTTP/1.1" 200 4832 "-" "Mozilla/5.0 (compatible; SiteExplorer/1.0b; +http://siteexplorer.info/)"
173.245.56.137 - - [25/Jun/2015:06:25:41 -0400] "GET /10-myths-about-introverts/ HTTP/1.1" 200 2988 "-" "Mozilla/5.0 (compatible; SiteExplorer/1.0b; +http://siteexplorer.info/)"
173.245.56.137 - - [25/Jun/2015:06:25:46 -0400] "GET / HTTP/1.1" 200 3858 "-" "Mozilla/5.0 (compatible; SiteExplorer/1.0b; +http://siteexplorer.info/)"
108.162.226.163 - - [25/Jun/2015:06:25:47 -0400] "GET / HTTP/1.1" 200 3858 "-" "Mozilla/5.0 (compatible; Baiduspider/2.0; +http://www.baidu.com/search/spider.html)"
141.101.105.133 - - [25/Jun/2015:06:27:09 -0400] "GET /favicon.ico HTTP/1.1" 200 91 "-" "Opera/9.80 (Android; Opera Mini/7.5.35613/36.2464; U; en) Presto/2.12.423 Version/12.16"
162.158.76.161 - - [25/Jun/2015:06:40:42 -0400] "GET / HTTP/1.1" 200 3858 "-" "Mozilla/5.0 (compatible; Googlebot/2.1; +http://www.google.com/bot.html)"
173.245.50.212 - - [25/Jun/2015:06:44:40 -0400] "GET /robots.txt HTTP/1.1" 200 108 "-" "python-requests/2.2.1 CPython/2.7.3 Linux/3.2.0-56-generic"
173.245.50.242 - - [25/Jun/2015:06:44:41 -0400] "GET /news-sitemap.xml HTTP/1.1" 301 5 "-" "rogerbot/1.0 (http://www.moz.com/dp/rogerbot, rogerbot-crawler@moz.com)"
173.245.50.242 - - [25/Jun/2015:06:44:42 -0400] "GET /news-sitemap.xml/ HTTP/1.1" 404 794 "-" "rogerbot/1.0 (http://www.moz.com/dp/rogerbot, rogerbot-crawler@moz.com)"
108.162.219.145 - - [25/Jun/2015:06:49:50 -0400] "GET /news-sitemap.xml/ HTTP/1.1" 404 794 "-" "Mozilla/5.0 (compatible; Yahoo! Slurp; http://help.yahoo.com/help/us/ysearch/slurp)"
173.245.54.31 - - [25/Jun/2015:06:57:41 -0400] "GET /robots.txt HTTP/1.1" 200 108 "-" "Mozilla/5.0 (compatible; YandexBot/3.0; +http://yandex.com/bots)"
173.245.54.33 - - [25/Jun/2015:06:57:43 -0400] "GET / HTTP/1.1" 200 3858 "-" "Mozilla/5.0 (compatible; YandexBot/3.0; +http://yandex.com/bots)"
199.27.133.116 - - [25/Jun/2015:07:03:25 -0400] "GET /rss/ HTTP/1.1" 200 49585 "-" "Mozilla/4.0 (Windows 98; US) Opera 10.00 [en]"
162.158.76.113 - - [25/Jun/2015:07:08:34 -0400] "GET /projects/ams-info/ HTTP/1.1" 404 794 "-" "Mozilla/5.0 (compatible; Googlebot/2.1; +http://www.google.com/bot.html)"
162.158.76.161 - - [25/Jun/2015:07:10:41 -0400] "GET /feed HTTP/1.1" 301 5 "-" "Mozilla/5.0 (compatible; Googlebot/2.1; +http://www.google.com/bot.html)"
173.245.56.27 - - [25/Jun/2015:07:10:42 -0400] "GET /feed/ HTTP/1.1" 301 39 "-" "Mozilla/5.0 (compatible; Googlebot/2.1; +http://www.google.com/bot.html)"
188.114.104.47 - - [25/Jun/2015:07:10:42 -0400] "GET /rss/ HTTP/1.1" 200 49585 "-" "Mozilla/5.0 (compatible; Googlebot/2.1; +http://www.google.com/bot.html)"
108.162.229.116 - - [25/Jun/2015:07:19:12 -0400] "GET /category/technology/ HTTP/1.1" 404 794 "-" "Mozilla/4.0 (compatible; MSIE 6.0; Windows NT 5.1; SV1; Mozilla/4.0 (compatible; MSIE 6.0; Windows NT 5.1; SV1) ; .NET CLR 1.0.3705)"
199.27.128.145 - - [25/Jun/2015:07:22:03 -0400] "GET /2013/03/30/buymealaptop/ HTTP/1.1" 404 794 "-" "Mozilla/5.0 (compatible; bingbot/2.0; +http://www.bing.com/bingbot.htm)"
162.158.255.134 - - [25/Jun/2015:07:28:24 -0400] "GET / HTTP/1.1" 200 3858 "-" "Mozilla/5.0 (Linux; U; Android 4.4.2; zh-cn; GT-I9500 Build/KOT49H) AppleWebKit/537.36 (KHTML, like Gecko)Version/4.0 MQQBrowser/5.0 QQ-Manager Mobile Safari/537.36"
108.162.219.145 - - [25/Jun/2015:07:49:52 -0400] "GET /news-sitemap.xml/ HTTP/1.1" 404 794 "-" "Mozilla/5.0 (compatible; Yahoo! Slurp; http://help.yahoo.com/help/us/ysearch/slurp)"
162.158.76.41 - - [25/Jun/2015:08:00:27 -0400] "GET /robots.txt HTTP/1.1" 200 108 "-" "Mozilla/5.0 (compatible; Googlebot/2.1; +http://www.google.com/bot.html)"
162.158.76.95 - - [25/Jun/2015:08:00:27 -0400] "GET /sitemap.xml HTTP/1.1" 200 626 "-" "Mozilla/5.0 (compatible; Googlebot/2.1; +http://www.google.com/bot.html)"
199.27.133.92 - - [25/Jun/2015:08:04:45 -0400] "GET /feed/ HTTP/1.1" 301 66 "-" "Feedly/1.0 (+http://www.feedly.com/fetcher.html; like FeedFetcher-Google)"
199.27.133.92 - - [25/Jun/2015:08:04:45 -0400] "GET /rss/ HTTP/1.1" 200 49585 "-" "Feedly/1.0 (+http://www.feedly.com/fetcher.html; like FeedFetcher-Google)"
141.101.99.88 - - [25/Jun/2015:08:17:19 -0400] "GET / HTTP/1.1" 200 3858 "http://100dollars-seo.com/try.php?u=http://krisviceral.com" "Mozilla/5.0 (Windows NT 6.1; WOW64) AppleWebKit/537.36 (KHTML, like Gecko) Chrome/36.0.1985.143 Safari/537.36"
141.101.98.60 - - [25/Jun/2015:08:17:21 -0400] "GET /assets/css/screen.css?v=80ba7bac63 HTTP/1.1" 200 9133 "http://krisviceral.com/" "Mozilla/5.0 (Windows NT 6.1; WOW64) AppleWebKit/537.36 (KHTML, like Gecko) Chrome/36.0.1985.143 Safari/537.36"
141.101.99.116 - - [25/Jun/2015:08:17:21 -0400] "GET /assets/js/jquery.fitvids.js?v=80ba7bac63 HTTP/1.1" 200 1203 "http://krisviceral.com/" "Mozilla/5.0 (Windows NT 6.1; WOW64) AppleWebKit/537.36 (KHTML, like Gecko) Chrome/36.0.1985.143 Safari/537.36"
141.101.99.82 - - [25/Jun/2015:08:17:21 -0400] "GET /assets/js/index.js?v=80ba7bac63 HTTP/1.1" 200 656 "http://krisviceral.com/" "Mozilla/5.0 (Windows NT 6.1; WOW64) AppleWebKit/537.36 (KHTML, like Gecko) Chrome/36.0.1985.143 Safari/537.36"
141.101.99.119 - - [25/Jun/2015:08:17:21 -0400] "GET /content/images/2015/05/logo1-1.png HTTP/1.1" 200 13236 "http://krisviceral.com/" "Mozilla/5.0 (Windows NT 6.1; WOW64) AppleWebKit/537.36 (KHTML, like Gecko) Chrome/36.0.1985.143 Safari/537.36"
141.101.99.90 - - [25/Jun/2015:08:17:21 -0400] "GET /public/jquery.js?v=80ba7bac63 HTTP/1.1" 200 84915 "http://krisviceral.com/" "Mozilla/5.0 (Windows NT 6.1; WOW64) AppleWebKit/537.36 (KHTML, like Gecko) Chrome/36.0.1985.143 Safari/537.36"
188.114.104.59 - - [25/Jun/2015:08:24:21 -0400] "GET /robots.txt HTTP/1.1" 200 108 "-" "Mozilla/5.0 (compatible; Googlebot/2.1; +http://www.google.com/bot.html)"
162.158.76.155 - - [25/Jun/2015:08:24:21 -0400] "GET /tag/firefox/ HTTP/1.1" 200 2013 "-" "Mozilla/5.0 (compatible; Googlebot/2.1; +http://www.google.com/bot.html)"
108.162.226.163 - - [25/Jun/2015:08:30:56 -0400] "GET /category/other/food/ HTTP/1.1" 404 794 "-" "Mozilla/5.0 (compatible; Baiduspider/2.0; +http://www.baidu.com/search/spider.html)"
108.162.219.145 - - [25/Jun/2015:08:49:53 -0400] "GET /news-sitemap.xml/ HTTP/1.1" 404 794 "-" "Mozilla/5.0 (compatible; Yahoo! Slurp; http://help.yahoo.com/help/us/ysearch/slurp)"
173.245.55.140 - - [25/Jun/2015:08:58:46 -0400] "GET /tag/android-tutorial/ HTTP/1.1" 200 2609 "http://krisviceral.com/" "Mozilla/5.0 (Windows NT 6.1; WOW64) AppleWebKit/537.36 (KHTML, like Gecko) Chrome/39.0.2171.95 Safari/537.36"
141.101.105.215 - - [25/Jun/2015:09:22:23 -0400] "GET /robots.txt HTTP/1.1" 200 108 "-" "Mozilla/5.0 (compatible; MJ12bot/v1.4.5; http://www.majestic12.co.uk/bot.php?+)"
141.101.105.251 - - [25/Jun/2015:09:22:25 -0400] "GET /setup-a-ghost-blog-with-docker-and-nginx/krisvieral.me HTTP/1.1" 301 5 "-" "Mozilla/5.0 (compatible; MJ12bot/v1.4.5; http://www.majestic12.co.uk/bot.php?+)"
141.101.105.251 - - [25/Jun/2015:09:22:27 -0400] "GET /setup-a-ghost-blog-with-docker-and-nginx/krisvieral.me/ HTTP/1.1" 404 794 "-" "Mozilla/5.0 (compatible; MJ12bot/v1.4.5; http://www.majestic12.co.uk/bot.php?+)"
141.101.105.251 - - [25/Jun/2015:09:22:28 -0400] "GET /setup-a-ghost-blog-with-docker-and-nginx/www.Gandi.net HTTP/1.1" 301 5 "-" "Mozilla/5.0 (compatible; MJ12bot/v1.4.5; http://www.majestic12.co.uk/bot.php?+)"
141.101.105.251 - - [25/Jun/2015:09:22:30 -0400] "GET /setup-a-ghost-blog-with-docker-and-nginx/www.Gandi.net/ HTTP/1.1" 301 168 "-" "Mozilla/5.0 (compatible; MJ12bot/v1.4.5; http://www.majestic12.co.uk/bot.php?+)"
141.101.105.251 - - [25/Jun/2015:09:22:31 -0400] "GET /setup-a-ghost-blog-with-docker-and-nginx/www.gandi.net/ HTTP/1.1" 404 794 "-" "Mozilla/5.0 (compatible; MJ12bot/v1.4.5; http://www.majestic12.co.uk/bot.php?+)"
141.101.105.251 - - [25/Jun/2015:09:22:33 -0400] "GET /setup-a-ghost-blog-with-docker-and-nginx/www.name.com HTTP/1.1" 301 5 "-" "Mozilla/5.0 (compatible; MJ12bot/v1.4.5; http://www.majestic12.co.uk/bot.php?+)"
141.101.105.251 - - [25/Jun/2015:09:22:34 -0400] "GET /setup-a-ghost-blog-with-docker-and-nginx/www.name.com/ HTTP/1.1" 404 794 "-" "Mozilla/5.0 (compatible; MJ12bot/v1.4.5; http://www.majestic12.co.uk/bot.php?+)"
108.162.221.118 - - [25/Jun/2015:09:40:08 -0400] "GET /robots.txt HTTP/1.1" 200 108 "-" "Mozilla/5.0 (compatible; Googlebot/2.1; +http://www.google.com/bot.html)"
108.162.221.113 - - [25/Jun/2015:09:40:09 -0400] "GET /tag/setup-tag/ HTTP/1.1" 200 1754 "-" "Mozilla/5.0 (compatible; Googlebot/2.1; +http://www.google.com/bot.html)"
173.245.56.86 - - [25/Jun/2015:09:48:18 -0400] "GET / HTTP/1.1" 200 3858 "http://krisviceral.com/" "Mozilla/5.0 (compatible; DuckDuckGo-Favicons-Bot/1.0; +http://duckduckgo.com)"
173.245.54.91 - - [25/Jun/2015:09:48:18 -0400] "GET /favicon.ico HTTP/1.1" 200 96 "http://krisviceral.com/favicon.ico" "Mozilla/5.0 (compatible; DuckDuckGo-Favicons-Bot/1.0; +http://duckduckgo.com)"
108.162.220.65 - - [25/Jun/2015:09:48:57 -0400] "GET /robots.txt HTTP/1.1" 200 107 "-" "Mozilla/5.0 (compatible; MJ12bot/v1.4.5; http://www.majestic12.co.uk/bot.php?+)"
162.158.68.119 - - [25/Jun/2015:09:49:00 -0400] "GET /run/ HTTP/1.1" 200 2597 "-" "Mozilla/5.0 (compatible; MJ12bot/v1.4.5; http://www.majestic12.co.uk/bot.php?+)"
162.158.68.119 - - [25/Jun/2015:09:49:05 -0400] "GET /tag/photos/ HTTP/1.1" 200 2067 "-" "Mozilla/5.0 (compatible; MJ12bot/v1.4.5; http://www.majestic12.co.uk/bot.php?+)"
162.158.68.119 - - [25/Jun/2015:09:49:06 -0400] "GET /tokyo-in-gradient/ HTTP/1.1" 200 2758 "-" "Mozilla/5.0 (compatible; MJ12bot/v1.4.5; http://www.majestic12.co.uk/bot.php?+)"
108.162.221.77 - - [25/Jun/2015:09:49:13 -0400] "GET /feed HTTP/1.1" 301 5 "-" "Mozilla/5.0 (compatible; Googlebot/2.1; +http://www.google.com/bot.html)"
108.162.221.97 - - [25/Jun/2015:09:49:13 -0400] "GET /feed/ HTTP/1.1" 301 39 "-" "Mozilla/5.0 (compatible; Googlebot/2.1; +http://www.google.com/bot.html)"
108.162.221.108 - - [25/Jun/2015:09:49:13 -0400] "GET /rss/ HTTP/1.1" 200 49585 "-" "Mozilla/5.0 (compatible; Googlebot/2.1; +http://www.google.com/bot.html)"
108.162.219.145 - - [25/Jun/2015:09:50:09 -0400] "GET /news-sitemap.xml/ HTTP/1.1" 404 794 "-" "Mozilla/5.0 (compatible; Yahoo! Slurp; http://help.yahoo.com/help/us/ysearch/slurp)"
173.245.53.82 - - [25/Jun/2015:10:28:53 -0400] "GET /2013/03/07/upgrade-what-matters-more-by-jay-alonzo/ HTTP/1.1" 404 794 "-" "Mozilla/5.0 (Windows NT 6.2; Win64; x64;) Gecko/20100101 Firefox/20.0"
173.245.50.212 - - [25/Jun/2015:10:46:49 -0400] "GET /robots.txt HTTP/1.1" 200 108 "-" "python-requests/2.2.1 CPython/2.7.3 Linux/3.2.0-56-generic"
173.245.50.242 - - [25/Jun/2015:10:46:49 -0400] "GET /news-sitemap.xml HTTP/1.1" 301 5 "-" "rogerbot/1.0 (http://www.moz.com/dp/rogerbot, rogerbot-crawler@moz.com)"
173.245.50.242 - - [25/Jun/2015:10:46:50 -0400] "GET /news-sitemap.xml/ HTTP/1.1" 404 794 "-" "rogerbot/1.0 (http://www.moz.com/dp/rogerbot, rogerbot-crawler@moz.com)"
173.245.48.221 - - [25/Jun/2015:10:48:32 -0400] "GET / HTTP/1.1" 200 3858 "-" "Sogou web spider/4.0(+http://www.sogou.com/docs/help/webmasters.htm#07)"
173.245.48.227 - - [25/Jun/2015:10:48:48 -0400] "GET / HTTP/1.1" 200 3858 "-" "Sogou web spider/4.0(+http://www.sogou.com/docs/help/webmasters.htm#07)"
108.162.219.145 - - [25/Jun/2015:10:50:11 -0400] "GET /news-sitemap.xml/ HTTP/1.1" 404 794 "-" "Mozilla/5.0 (compatible; Yahoo! Slurp; http://help.yahoo.com/help/us/ysearch/slurp)"
108.162.221.87 - - [25/Jun/2015:10:50:39 -0400] "GET /2011/03/16/tech-how-to-awesomize-your-windows-environment/ HTTP/1.1" 404 794 "-" "Mozilla/5.0 (compatible; Googlebot/2.1; +http://www.google.com/bot.html)"
108.162.221.155 - - [25/Jun/2015:10:55:55 -0400] "GET /tag/consumer-electronic-show/ HTTP/1.1" 200 1785 "-" "Mozilla/5.0 (compatible; Googlebot/2.1; +http://www.google.com/bot.html)"
173.245.53.93 - - [25/Jun/2015:10:56:09 -0400] "GET /robots.txt HTTP/1.1" 200 108 "-" "Mozilla/5.0 (compatible; AhrefsBot/5.0; +http://ahrefs.com/robot/)"
199.27.133.92 - - [25/Jun/2015:11:04:51 -0400] "GET /rss/ HTTP/1.1" 304 0 "-" "Feedly/1.0 (+http://www.feedly.com/fetcher.html; like FeedFetcher-Google)"
108.162.219.145 - - [25/Jun/2015:11:50:14 -0400] "GET /news-sitemap.xml/ HTTP/1.1" 404 794 "-" "Mozilla/5.0 (compatible; Yahoo! Slurp; http://help.yahoo.com/help/us/ysearch/slurp)"
108.162.221.118 - - [25/Jun/2015:11:50:51 -0400] "GET /robots.txt HTTP/1.1" 200 108 "-" "Mozilla/5.0 (compatible; Googlebot/2.1; +http://www.google.com/bot.html)"
108.162.221.78 - - [25/Jun/2015:11:50:51 -0400] "GET /2010/11/04/complete-gaming-pc-for-30k/ HTTP/1.1" 404 794 "-" "Mozilla/5.0 (compatible; Googlebot/2.1; +http://www.google.com/bot.html)"
108.162.221.95 - - [25/Jun/2015:12:02:25 -0400] "GET /content/images/2015/06/code6.jpg HTTP/1.1" 200 402156 "-" "Googlebot-Image/1.0"
108.162.221.155 - - [25/Jun/2015:12:11:42 -0400] "GET /2011/11/23/android-customization/ HTTP/1.1" 404 794 "-" "Mozilla/5.0 (compatible; Googlebot/2.1; +http://www.google.com/bot.html)"
108.162.221.77 - - [25/Jun/2015:12:25:34 -0400] "GET /feed HTTP/1.1" 301 5 "-" "Mozilla/5.0 (compatible; Googlebot/2.1; +http://www.google.com/bot.html)"
108.162.221.97 - - [25/Jun/2015:12:25:34 -0400] "GET /feed/ HTTP/1.1" 301 39 "-" "Mozilla/5.0 (compatible; Googlebot/2.1; +http://www.google.com/bot.html)"
108.162.221.108 - - [25/Jun/2015:12:25:35 -0400] "GET /rss/ HTTP/1.1" 200 49585 "-" "Mozilla/5.0 (compatible; Googlebot/2.1; +http://www.google.com/bot.html)"
141.101.105.124 - - [25/Jun/2015:12:35:32 -0400] "GET /category/programming/ HTTP/1.1" 404 794 "http://krisviceral.com/" "Mozilla/5.0 (Windows NT 6.1; WOW64) AppleWebKit/537.36 (KHTML, like Gecko) Chrome/39.0.2171.95 Safari/537.36"
141.101.105.124 - - [25/Jun/2015:12:35:32 -0400] "GET / HTTP/1.1" 200 3858 "http://krisviceral.com" "Mozilla/5.0 (Windows NT 6.1; WOW64) AppleWebKit/537.36 (KHTML, like Gecko) Chrome/39.0.2171.95 Safari/537.36"
108.162.219.145 - - [25/Jun/2015:12:50:16 -0400] "GET /news-sitemap.xml/ HTTP/1.1" 404 794 "-" "Mozilla/5.0 (compatible; Yahoo! Slurp; http://help.yahoo.com/help/us/ysearch/slurp)"
173.245.56.86 - - [25/Jun/2015:12:55:59 -0400] "GET /robots.txt HTTP/1.1" 200 108 "-" "Mozilla/5.0 (compatible; MJ12bot/v1.4.5; http://www.majestic12.co.uk/bot.php?+)"
173.245.54.87 - - [25/Jun/2015:12:56:01 -0400] "GET / HTTP/1.1" 200 3858 "-" "Mozilla/5.0 (compatible; MJ12bot/v1.4.5; http://www.majestic12.co.uk/bot.php?+)"
141.101.98.35 - - [25/Jun/2015:12:59:56 -0400] "GET / HTTP/1.1" 200 3858 "-" "Mozilla/5.0 (Windows NT 5.1) AppleWebKit/535.1 (KHTML, like Gecko) Chrome/13.0.782.20 Safari/535.1"
108.162.221.118 - - [25/Jun/2015:13:09:19 -0400] "GET /robots.txt HTTP/1.1" 200 108 "-" "Mozilla/5.0 (compatible; Googlebot/2.1; +http://www.google.com/bot.html)"
108.162.221.115 - - [25/Jun/2015:13:09:19 -0400] "GET /author/kv/page/4/ HTTP/1.1" 200 2794 "-" "Mozilla/5.0 (iPhone; CPU iPhone OS 6_0 like Mac OS X) AppleWebKit/536.26 (KHTML, like Gecko) Version/6.0 Mobile/10A5376e Safari/8536.25 (compatible; Googlebot/2.1; +http://www.google.com/bot.html)"
108.162.221.156 - - [25/Jun/2015:13:09:22 -0400] "GET /2012/06/ HTTP/1.1" 404 794 "-" "Mozilla/5.0 (iPhone; CPU iPhone OS 6_0 like Mac OS X) AppleWebKit/536.26 (KHTML, like Gecko) Version/6.0 Mobile/10A5376e Safari/8536.25 (compatible; Googlebot/2.1; +http://www.google.com/bot.html)"
173.245.53.143 - - [25/Jun/2015:13:10:35 -0400] "GET /2014/01/20/save-your-data-tips-for-local-remote-and-online-backup/+Result:+chosen+nickname+%22carteykilopbn%22;+success+%28from+first+page%29; HTTP/1.1" 301 5 "http://krisviceral.com/2014/01/20/save-your-data-tips-for-local-remote-and-online-backup/+Result:+chosen+nickname+%22carteykilopbn%22;+success+%28from+first+page%29;" "Opera/9.80 (Windows NT 6.1; WOW64) Presto/2.12.388 Version/12.17"
173.245.53.143 - - [25/Jun/2015:13:10:35 -0400] "GET /2014/01/20/save-your-data-tips-for-local-remote-and-online-backup/+Result:+chosen+nickname+%22carteykilopbn%22;+success+%28from+first+page%29;/ HTTP/1.1" 301 344 "http://krisviceral.com/2014/01/20/save-your-data-tips-for-local-remote-and-online-backup/+Result:+chosen+nickname+%22carteykilopbn%22;+success+%28from+first+page%29;/" "Opera/9.80 (Windows NT 6.1; WOW64) Presto/2.12.388 Version/12.17"
173.245.53.143 - - [25/Jun/2015:13:10:35 -0400] "GET /2014/01/20/save-your-data-tips-for-local-remote-and-online-backup/+result:+chosen+nickname+%22carteykilopbn%22;+success+%28from+first+page%29;/ HTTP/1.1" 404 794 "http://krisviceral.com/2014/01/20/save-your-data-tips-for-local-remote-and-online-backup/+result:+chosen+nickname+%22carteykilopbn%22;+success+%28from+first+page%29;/" "Opera/9.80 (Windows NT 6.1; WOW64) Presto/2.12.388 Version/12.17"
173.245.53.143 - - [25/Jun/2015:13:10:37 -0400] "GET / HTTP/1.1" 200 3858 "http://krisviceral.com/" "Opera/9.80 (Windows NT 6.1; WOW64) Presto/2.12.388 Version/12.17"
199.27.133.90 - - [25/Jun/2015:13:13:48 -0400] "GET /tag/software-development/ HTTP/1.1" 200 1840 "-" "Mozilla/5.0 (compatible; Baiduspider/2.0; +http://www.baidu.com/search/spider.html)"
199.27.128.200 - - [25/Jun/2015:13:13:54 -0400] "GET /assets/fonts/casper-icons.ttf HTTP/1.1" 200 1617 "http://krisviceral.com/tag/software-development/" "Mozilla/5.0 (compatible; Baiduspider/2.0; +http://www.baidu.com/search/spider.html)"
108.162.226.163 - - [25/Jun/2015:13:19:27 -0400] "GET /2013/03/30/buymealaptop/?replytocom=514 HTTP/1.1" 404 794 "-" "Mozilla/5.0 (compatible; Baiduspider/2.0; +http://www.baidu.com/search/spider.html)"
108.162.222.242 - - [25/Jun/2015:13:24:44 -0400] "GET /assets/css/uno.css?v=70a8108307 HTTP/1.1" 301 5 "-" "Mozilla/5.0 (compatible; Baiduspider/2.0; +http://www.baidu.com/search/spider.html)"
173.245.62.64 - - [25/Jun/2015:13:24:44 -0400] "GET /assets/css/uno.css/?v=70a8108307 HTTP/1.1" 404 791 "-" "Mozilla/5.0 (compatible; Baiduspider/2.0; +http://www.baidu.com/search/spider.html)"
108.162.221.90 - - [25/Jun/2015:13:27:29 -0400] "GET /tech-how-to-moving-from-chrome-to-firefox-4/ HTTP/1.1" 200 4402 "-" "Mozilla/5.0 (compatible; Googlebot/2.1; +http://www.google.com/bot.html)"
108.162.226.163 - - [25/Jun/2015:13:34:27 -0400] "GET /2013/03/25/insights-interview-with-patrick-wyatt-co-founder-of-arenanet-former-vp-of-r-and-d-at-blizzard/ HTTP/1.1" 404 794 "-" "Mozilla/5.0 (compatible; Baiduspider/2.0; +http://www.baidu.com/search/spider.html)"
108.162.237.143 - - [25/Jun/2015:13:42:43 -0400] "GET /can-amazon-succeed-outside-the-us-and-will-there-be-apps-for-amazons-tablet/ HTTP/1.1" 200 5071 "http://krisviceral.com/" "Mozilla/5.0 (Windows NT 6.1; WOW64) AppleWebKit/537.36 (KHTML, like Gecko) Chrome/39.0.2171.95 Safari/537.36"
141.101.99.193 - - [25/Jun/2015:13:44:44 -0400] "GET /robots.txt HTTP/1.1" 200 107 "-" "Mozilla/5.0 (compatible; Exabot/3.0; +http://www.exabot.com/go/robot)"
141.101.98.234 - - [25/Jun/2015:13:44:45 -0400] "GET / HTTP/1.1" 304 0 "-" "Mozilla/5.0 (compatible; Exabot/3.0; +http://www.exabot.com/go/robot)"
108.162.219.145 - - [25/Jun/2015:13:50:17 -0400] "GET /news-sitemap.xml/ HTTP/1.1" 404 794 "-" "Mozilla/5.0 (compatible; Yahoo! Slurp; http://help.yahoo.com/help/us/ysearch/slurp)"
199.27.133.92 - - [25/Jun/2015:14:05:02 -0400] "GET /rss/ HTTP/1.1" 304 0 "-" "Feedly/1.0 (+http://www.feedly.com/fetcher.html; like FeedFetcher-Google)"
108.162.229.116 - - [25/Jun/2015:14:37:47 -0400] "GET /category/technology/tips-and-guides/ HTTP/1.1" 404 794 "-" "Mozilla/4.0 (compatible; MSIE 6.0; Windows NT 5.1)"
108.162.221.118 - - [25/Jun/2015:14:43:21 -0400] "GET /robots.txt HTTP/1.1" 200 108 "-" "Mozilla/5.0 (compatible; Googlebot/2.1; +http://www.google.com/bot.html)"
108.162.221.105 - - [25/Jun/2015:14:43:21 -0400] "GET /2012/01/17/dropbox/ HTTP/1.1" 404 794 "-" "Mozilla/5.0 (compatible; Googlebot/2.1; +http://www.google.com/bot.html)"
173.245.50.242 - - [25/Jun/2015:14:45:12 -0400] "GET /news-sitemap.xml HTTP/1.1" 301 5 "-" "rogerbot/1.0 (http://www.moz.com/dp/rogerbot, rogerbot-crawler@moz.com)"
173.245.50.242 - - [25/Jun/2015:14:45:13 -0400] "GET /news-sitemap.xml/ HTTP/1.1" 404 794 "-" "rogerbot/1.0 (http://www.moz.com/dp/rogerbot, rogerbot-crawler@moz.com)"
108.162.219.145 - - [25/Jun/2015:14:48:32 -0400] "GET /news-sitemap.xml HTTP/1.1" 301 5 "-" "Mozilla/5.0 (compatible; Yahoo! Slurp; http://help.yahoo.com/help/us/ysearch/slurp)"
108.162.217.41 - - [25/Jun/2015:14:49:18 -0400] "GET / HTTP/1.1" 200 3858 "http://krisviceral.com/" "Mozilla/5.0 (Windows NT 5.1; rv:35.0) Gecko/20100101 Firefox/35.0"
108.162.219.145 - - [25/Jun/2015:14:52:38 -0400] "GET /news-sitemap.xml HTTP/1.1" 301 5 "-" "Mozilla/5.0 (compatible; Yahoo! Slurp; http://help.yahoo.com/help/us/ysearch/slurp)"
108.162.219.145 - - [25/Jun/2015:14:52:38 -0400] "GET /news-sitemap.xml/ HTTP/1.1" 404 794 "-" "Mozilla/5.0 (compatible; Yahoo! Slurp; http://help.yahoo.com/help/us/ysearch/slurp)"
108.162.221.77 - - [25/Jun/2015:15:02:15 -0400] "GET /feed HTTP/1.1" 301 5 "-" "Mozilla/5.0 (compatible; Googlebot/2.1; +http://www.google.com/bot.html)"
108.162.221.97 - - [25/Jun/2015:15:02:15 -0400] "GET /feed/ HTTP/1.1" 301 39 "-" "Mozilla/5.0 (compatible; Googlebot/2.1; +http://www.google.com/bot.html)"
108.162.221.108 - - [25/Jun/2015:15:02:16 -0400] "GET /rss/ HTTP/1.1" 200 49585 "-" "Mozilla/5.0 (compatible; Googlebot/2.1; +http://www.google.com/bot.html)"
108.162.219.204 - - [25/Jun/2015:15:19:08 -0400] "GET /robots.txt HTTP/1.1" 200 108 "-" "R6_CommentReader(www.radian6.com/crawler)"
173.245.56.69 - - [25/Jun/2015:15:19:09 -0400] "GET /rss/ HTTP/1.1" 200 49585 "-" "R6_FeedFetcher(www.radian6.com/crawler)"
108.162.226.163 - - [25/Jun/2015:15:50:57 -0400] "GET /tag/customization/ HTTP/1.1" 304 0 "-" "Mozilla/5.0 (compatible; Baiduspider/2.0; +http://www.baidu.com/search/spider.html)"
50.128.200.175 - - [25/Jun/2015:15:52:21 -0400] "GET /tmUnblock.cgi HTTP/1.1" 400 181 "-" "-"
50.128.200.175 - - [25/Jun/2015:15:52:22 -0400] "GET / HTTP/1.1" 400 181 "-" "-"
